                             Running on host I7

          ******************************************************
          *      Firefly version 8.2.0, build number 10203     *
          *   Compiled on    Friday,    16-09-2016, 21:20:07   *
          *Code development and Intel/AMD specific optimization*
          *  Copyright (c) 1994, 2016 by  Alex A. Granovsky,   *
          *          Firefly Project, Moscow, Russia.          *
          *   Some parts of this program include code due to   *
          * work of Jim Kress, Peter Burger, and Robert Ponec. *
          ******************************************************
          *             Firefly Project homepage:              *
          * http://classic.chem.msu.su/gran/firefly/index.html *
          *                      e-mail:                       *
          *               gran@classic.chem.msu.su             *
          *This program is not a free software and is provided *
          *exclusively to its registered users under the terms *
          *       of Firefly package license agreement         *
          * Unauthorized use of Firefly is strongly prohibited *
          *   This program may not be redistributed without    *
          * the specific, written permission of its developers.*
          ******************************************************

          ******************************************************
          *  PARTIALLY BASED ON  US GAMESS VERSION 6 JUN 1999, *
          *   US GAMESS VERSIONS  6 SEP 2001 AND 12 DEC 2003   *
          *             FROM IOWA STATE UNIVERSITY             *
          * M.W.SCHMIDT, K.K.BALDRIDGE, J.A.BOATZ, S.T.ELBERT, *
          *   M.S.GORDON, J.H.JENSEN, S.KOSEKI, N.MATSUNAGA,   *
          *          K.A.NGUYEN, S.J.SU, T.L.WINDUS,           *
          *       TOGETHER WITH M.DUPUIS, J.A.MONTGOMERY       *
          *         J.COMPUT.CHEM.  14, 1347-1363(1993)        *
          ******************************************************


 Core i7    / Win32  Firefly version running under Windows NT
 Running on Intel CPU:  Brand ID  0, Family  6, Model  26, Stepping  4
 CPU Brand String    :  Intel(R) Core(TM) i7 CPU         940  @ 2.93GHz 
 CPU Features        :  x87 FPU, CMOV, MMX, SSE, SSE2, SSE3, SSSE3, SSE4.1, SSE4.2, HTT, EM64T
 Data cache size     :  L1 32 KB, L2  256 KB, L3  8192 KB
 max    # of   cores/package :   8
 max    # of threads/package :  16
 max     cache sharing level :  16
 actual # of   cores/package :   4
 actual # of threads/package :   8
 actual # of threads/core    :   2
 Operating System successfully passed SSE support test.


 PARALLEL VERSION (UNIFIED) RUNNING IN SERIAL MODE USING SINGLE PROCESS

 EXECUTION OF FIREFLY BEGUN 16:58:55 17-SEP-2016    

            ECHO OF THE FIRST FEW INPUT CARDS -
 INPUT CARD>! EXAM 16.                                                                      
 INPUT CARD>!                                                                               
 INPUT CARD>! ROHF/GVB on Si 3-P state, using Gordon's 6-31G basis.                         
 INPUT CARD>!                                                                               
 INPUT CARD>! The purpose of this example is two-fold, namely to                            
 INPUT CARD>! show off the open shell capabilities of the GVB code,                         
 INPUT CARD>! and to emphasize that the 6-31G basis for Si in Firefly                       
 INPUT CARD>! is Mark Gordon's version.  The basis stored in Firefly is                     
 INPUT CARD>! completely optimized, whereas Pople's uses the core from                      
 INPUT CARD>! from a 6-21G set, reoptimizing only the -31G part.                            
 INPUT CARD>! The energy from Pople's basis would be only -288.828405.                      
 INPUT CARD>!                                                                               
 INPUT CARD>! Jacobi diagonalization is intrinsically slow, but in this                     
 INPUT CARD>! case results in pure subspecies in degenerate p irreps.                       
 INPUT CARD>! In fact, these may be labeled in the highest Abelian                          
 INPUT CARD>! subgroup of the atomic point group Kh.                                        
 INPUT CARD>!                                                                               
 INPUT CARD>! The FINAL energy is -288.8285729745 after 7 iterations.                       
 INPUT CARD>!                                                                               
 INPUT CARD> $CONTRL SCFTYP=GVB MULT=3 $END                                                 
 INPUT CARD> $SYSTEM TIMLIM=2 MEMORY=100000 KDIAG=3 $END                                    
 INPUT CARD> $BASIS  GBASIS=N31 NGAUSS=6 $END                                               
 INPUT CARD> $GUESS  GUESS=HUCKEL $END                                                      
 INPUT CARD> $SCF    NCO=6  NSETO=1  NO=3   COUPLE=.TRUE.                                   
 INPUT CARD>         F(1)=1.0, 0.333333333333333                                            
 INPUT CARD>         ALPHA(1)=2.0,  0.66666666666667,  0.16666666666667                     
 INPUT CARD>         BETA(1)=-1.0, -0.33333333333333, -0.16666666666667                     
 INPUT CARD> $END                                                                           
 INPUT CARD> $DATA                                                                          
 INPUT CARD>Si...3-P term...ROHF in full Kh symmetry                                        
 INPUT CARD>Dnh 2                                                                           
 INPUT CARD>                                                                                
 INPUT CARD>Silicon     14.                                                                 
 INPUT CARD> $END                                                                           
     400000 WORDS OF MEMORY AVAILABLE

 This job is executing on     1 unique host(s)
 Minimum number of processes per host is:    1
 Maximum number of processes per host is:    1

 On master's host, detected    8 CPU core(s) in aggregate

 Warning: HTT is enabled, bitmask of physically unique cores is 0x000000AA

 SMT aware parts of program will use              2 threads.

 Creating thread pool to serve up to            128 threads.

 Activating Call64 option.

 Using 64-bit DGEMM by default.

     BASIS OPTIONS
     -------------
     GBASIS=N31          IGAUSS=       6      POLAR=NONE    
     NDFUNC=       0     NFFUNC=       0     DIFFSP=       F
     NPFUNC=       0      DIFFS=       F


     RUN TITLE
     ---------
 Si...3-P term...ROHF in full Kh symmetry                                        

 THE POINT GROUP OF THE MOLECULE IS DNH     
 THE ORDER OF THE PRINCIPAL AXIS IS     2

 ATOM      ATOMIC                      COORDINATES (BOHR)
           CHARGE         X                   Y                   Z
 SILICON    14.0     0.0000000000        0.0000000000        0.0000000000

          INTERNUCLEAR DISTANCES (ANGS.)
          ------------------------------

                    SILICON   

  1  SILICON         0.0000000    

  * ... LESS THAN  3.000


     ATOMIC BASIS SET
     ----------------
 THE CONTRACTED PRIMITIVE FUNCTIONS HAVE BEEN UNNORMALIZED
 THE CONTRACTED BASIS FUNCTIONS ARE NOW NORMALIZED TO UNITY

 SHELL TYPE PRIM    EXPONENT          CONTRACTION COEFFICIENTS

 SILICON   

   1   S    1   16192.100000    1.994126 (  0.001949) 
   1   S    2    2436.090000    3.671377 (  0.014856) 
   1   S    3     556.001000    5.921983 (  0.072569) 
   1   S    4     156.813000    7.758399 (  0.245655) 
   1   S    5      50.169200    6.530219 (  0.486060) 
   1   S    6      17.030000    1.946101 (  0.325720) 

   2   L    7     293.350000   -0.142963 ( -0.002830)     7.671917 (  0.004433) 
   2   L    8      70.117300   -0.622974 ( -0.036074)     9.382212 (  0.032440) 
   2   L    9      22.430100   -0.858038 ( -0.116808)     9.304057 (  0.133719) 
   2   L   10       8.194250    0.323006 (  0.093577)     6.457765 (  0.326780) 
   2   L   11       3.147680    1.013414 (  0.601705)     2.696118 (  0.451139) 
   2   L   12       1.215150    0.348152 (  0.422072)     0.480291 (  0.264105) 

   3   L   13       1.653700   -0.250061 ( -0.240600)    -0.040570 ( -0.015177) 
   3   L   14       0.540760    0.033166 (  0.073795)     0.181865 (  0.275139) 
   3   L   15       0.204406    0.225530 (  1.040940)     0.153399 (  0.783008) 

   4   L   16       0.072384    0.099458 (  1.000000)     0.053517 (  1.000000) 

 TOTAL NUMBER OF SHELLS              =    4
 TOTAL NUMBER OF BASIS FUNCTIONS     =   13
 NUMBER OF ELECTRONS                 =   14
 CHARGE OF MOLECULE                  =    0
 STATE MULTIPLICITY                  =    3
 NUMBER OF OCCUPIED ORBITALS (ALPHA) =    8
 NUMBER OF OCCUPIED ORBITALS (BETA ) =    6
 TOTAL NUMBER OF ATOMS               =    1
 THE NUCLEAR REPULSION ENERGY IS        0.0000000000

 THIS MOLECULE IS RECOGNIZED AS BEING LINEAR.

     $CONTRL OPTIONS
     ---------------
     SCFTYP=GVB          RUNTYP=ENERGY       EXETYP=RUN     
     MPLEVL=       0     LOCAL =NONE         UNITS =ANGS    
     MULT  =       3     ICHARG=       0     MAXIT =      30
     NPRINT=       7     IREST =       0     COORD =UNIQUE  
     ECP   =NONE         NORMF =       0     NORMP =       0
     ITOL  =      20     ICUT  =       9     NZVAR =       0
     NOSYM =       0     INTTYP=POPLE        GEOM  =INPUT   
     PLTORB=       F     MOLPLT=       F     RPAC  =       F
     AIMPAC=       0     FRIEND=             CITYP =NONE    
     DFTTYP=NONE    

     $SYSTEM OPTIONS
     ---------------
     KDIAG =       3     MEMORY=   400000     TIMLIM=      120.0 SEC.
     COREFL=       F     PTIME =        F     XDR   =       F
     BALTYP=LOOP         CBASE = 00401000     FBASE = 714610C0

          ----------------
          PROPERTIES INPUT
          ----------------

     MOMENTS            FIELD           POTENTIAL          DENSITY
 IEMOM =       1   IEFLD =       0   IEPOT =       0   IEDEN =       0
 WHERE =COMASS     WHERE =NUCLEI     WHERE =NUCLEI     WHERE =NUCLEI  
 OUTPUT=BOTH       OUTPUT=BOTH       OUTPUT=BOTH       OUTPUT=BOTH    
 IEMINT=       0   IEFINT=       0                     IEDINT=       0
                                                       MORB  =       0

          EXTRAPOLATION IN EFFECT
          SOSCF IN EFFECT

          *************************
          ROHF-GVB INPUT PARAMETERS
          *************************

          NORB   =    9          NCO    =    6
          NPAIR  =    0          NSETO  =    1
          NO     =    3
          OPEN SHELL ORBITALS
          SET     1 HAS ORBS    7    8    9

          ----------------------------
          ROHF-GVB COUPLING PARAMETERS
          ----------------------------

          F VECTOR (OCCUPANCIES)
    1   1.0000000000
    2   0.3333333333
          ALPHA COUPLING COEFFICEINTS

             1           2

    1    2.0000000
    2    0.6666667   0.1666667
           BETA COUPLING COEFFICIENTS

             1           2

    1   -1.0000000
    2   -0.3333333  -0.1666667

          ----------------------
          INTEGRAL INPUT OPTIONS
          ----------------------
 NOPK  =       1 NORDER=       0 SCHWRZ=       T

 ATTENTION! AO INTEGRALS WILL BE PACKED.
 THRESHOLD FOR PACKING PKTHR =  0.10000000D-01

     -------------------------------
     INTEGRAL TRANSFORMATION OPTIONS
     -------------------------------
     NWORD  =       0     CUTTRF = 1.0E-09
     MPTRAN =       0     DIRTRF =       F
     AOINTS =DUP          IREST  =       0

     ------------------------------------------
     THE POINT GROUP IS DNH, NAXIS= 2, ORDER= 8
     ------------------------------------------

     DIMENSIONS OF THE SYMMETRY SUBSPACES ARE
 AG  =   4      AU  =   0      B3U =   3      B3G =   0      B1G =   0
 B1U =   3      B2U =   3      B2G =   0

 ..... DONE SETTING UP THE RUN .....

 CPU        TIME:   STEP =      0.02 ,  TOTAL =        0.0 SECONDS (    0.0 MIN)
 WALL CLOCK TIME:   STEP =      0.02 ,  TOTAL =        0.0 SECONDS (    0.0 MIN)
 CPU UTILIZATION:   STEP =     89.84%,  TOTAL =     179.67%

          ********************
          1 ELECTRON INTEGRALS
          ********************
 ...... END OF ONE-ELECTRON INTEGRALS ......

 CPU        TIME:   STEP =      0.00 ,  TOTAL =        0.0 SECONDS (    0.0 MIN)
 WALL CLOCK TIME:   STEP =      0.00 ,  TOTAL =        0.0 SECONDS (    0.0 MIN)
 CPU UTILIZATION:   STEP =      0.00%,  TOTAL =     175.99%

          -------------
          GUESS OPTIONS
          -------------
          GUESS =HUCKEL            NORB  =       0          NORDER=       0
          MIX   =       F          PRTMO =       F          SYMDEN=       F
          TOLZ  = 0.0E+00          TOLE  = 0.0E+00

 INITIAL GUESS ORBITALS GENERATED BY HUCKEL   ROUTINE.
 HUCKEL GUESS REQUIRES      2199 WORDS.

 LOG10 OF CONDITION NUMBER OF OVERLAP MATRIX IS:  1.08899429E+00

 SYMMETRIES FOR INITIAL GUESS ORBITALS FOLLOW.   BOTH SET(S).
     9 ORBITALS ARE OCCUPIED (    5 CORE ORBITALS).
     6=AG       7=?B3U     8=?B2U     9=?B1U    10=AG      11=B3U     12=B1U 
    13=B2U 
 ...... END OF INITIAL ORBITAL SELECTION ......

 CPU        TIME:   STEP =      0.00 ,  TOTAL =        0.0 SECONDS (    0.0 MIN)
 WALL CLOCK TIME:   STEP =      0.00 ,  TOTAL =        0.0 SECONDS (    0.0 MIN)
 CPU UTILIZATION:   STEP =      0.00%,  TOTAL =     152.83%

          --------------------
          2 ELECTRON INTEGRALS
          --------------------

 THE -PK- OPTION IS OFF, THE INTEGRALS ARE NOT IN SUPERMATRIX FORM.
 STORING    4998 INTEGRALS/RECORD ON DISK, USING 12 BYTES/INTEGRAL.
 TWO ELECTRON INTEGRAL EVALUATION REQUIRES   34421 WORDS OF MEMORY.
 SCHWARZ INEQUALITY OVERHEAD:        91 INTEGRALS, CPU TIME=        0.00
 II,JST,KST,LST =  1  1  1  1 NREC =         1 INTLOC =    1
 II,JST,KST,LST =  2  1  1  1 NREC =         1 INTLOC =    2
 II,JST,KST,LST =  3  1  1  1 NREC =         1 INTLOC =   34
 II,JST,KST,LST =  4  1  1  1 NREC =         1 INTLOC =  214
 SCHWARZ INEQUALITY TEST SKIPPED         0 INTEGRAL BLOCKS.
 TOTAL NUMBER OF NONZERO TWO-ELECTRON INTEGRALS =                 775
          1 INTEGRAL RECORDS WERE STORED ON DISK FILE  8.
 ...... END OF TWO-ELECTRON INTEGRALS .....

 CPU        TIME:   STEP =      0.00 ,  TOTAL =        0.0 SECONDS (    0.0 MIN)
 WALL CLOCK TIME:   STEP =      0.00 ,  TOTAL =        0.0 SECONDS (    0.0 MIN)
 CPU UTILIZATION:   STEP =      0.00%,  TOTAL =     130.92%

          ------------------------
          ROHF-GVB SCF CALCULATION
          ------------------------
 GVB STEP WILL USE     42696 WORDS OF MEMORY.

     RSTRCT FORCED TRUE BY THE PRESENCE OF DEGENERATE OPEN SHELLS.

     MAXIT=  30   NPUNCH= 2   SQCDF TOL=1.0000E-05
     NUCLEAR ENERGY=        0.0000000000
     EXTRAP=T   DAMP=F   SHIFT=F   RSTRCT=T   DIIS=F  SOSCF=T
     SOSCF WILL OPTIMIZE      54 ORBITAL ROTATIONS, SOGTOL=   0.250

 ITER EX   TOTAL ENERGY      E CHANGE        SQCDF       ORB. GRAD 
   0  0  -288.762773806  -288.762773806   0.136203304   0.000000000
          ---------------START SECOND ORDER SCF---------------
   1  1  -288.823642800    -0.060868994   0.009590038   0.025926536
   2  2  -288.828513345    -0.004870545   0.000066355   0.003201941
   3  3  -288.828568265    -0.000054920   0.000007150   0.001057396
   4  4  -288.828572964    -0.000004698   0.000000003   0.000078544
   5  5  -288.828572974    -0.000000011   0.000000000   0.000006508
   6  6  -288.828572974     0.000000000   0.000000000   0.000000025
   7  7  -288.828572974     0.000000000   0.000000000   0.000000000

          -----------------
          DENSITY CONVERGED
          -----------------

 FINAL ENERGY IS     -288.8285729745 AFTER   7 ITERATIONS

          ----------------------------
          SCF STATISTICS PER ITERATION
          ----------------------------
          NUMBER OF INTEGRAL PASSES       1
          FOCK FORMATION TIME         0.002
          GEMINAL OPT TIME            0.000
          MIXORB  OPT TIME            0.000
          OCBSE   OPT TIME            0.000

     THE MAXIMUM LAGRANGIAN ASYMMETRY IS 3.6821261E-09

          ------------
          EIGENVECTORS
          ------------

                      1          2          3          4          5
                  -68.8017    -6.1550    -4.2545    -4.2545    -4.2545
                     AG         AG         ?B3U       ?B2U       ?B1U
    1  SI  1  S  -0.997214   0.268194   0.000000   0.000000   0.000000
    2  SI  1  S  -0.010841  -1.030564   0.000000   0.000000   0.000000
    3  SI  1  X   0.000000   0.000000   0.995025   0.000062   0.000085
    4  SI  1  Y   0.000000   0.000000  -0.000062   0.995025  -0.000034
    5  SI  1  Z   0.000000   0.000000  -0.000085   0.000034   0.995025
    6  SI  1  S   0.002920  -0.008952   0.000000   0.000000   0.000000
    7  SI  1  X   0.000000   0.000000   0.018916   0.000001   0.000002
    8  SI  1  Y   0.000000   0.000000  -0.000001   0.018916  -0.000001
    9  SI  1  Z   0.000000   0.000000  -0.000002   0.000001   0.018916
   10  SI  1  S  -0.001472   0.001813   0.000000   0.000000   0.000000
   11  SI  1  X   0.000000   0.000000  -0.004514   0.000000   0.000000
   12  SI  1  Y   0.000000   0.000000   0.000000  -0.004514   0.000000
   13  SI  1  Z   0.000000   0.000000   0.000000   0.000000  -0.004514

                      6          7          8          9         10
                   -0.5389    -0.0989    -0.0989    -0.0989     0.2747
                     AG         ?B3U       ?B2U       ?B1U       AG  
    1  SI  1  S   0.065258   0.000000   0.000000   0.000000  -0.061652
    2  SI  1  S  -0.315702   0.000000   0.000000   0.000000   0.095196
    3  SI  1  X   0.000000  -0.219568  -0.030222   0.041794   0.000000
    4  SI  1  Y   0.000000   0.026444  -0.222882  -0.022245   0.000000
    5  SI  1  Z   0.000000   0.044282  -0.016755   0.220519   0.000000
    6  SI  1  S   0.735628   0.000000   0.000000   0.000000  -1.699706
    7  SI  1  X   0.000000   0.655878   0.090277  -0.124845   0.000000
    8  SI  1  Y   0.000000  -0.078992   0.665776   0.066448   0.000000
    9  SI  1  Z   0.000000  -0.132275   0.050049  -0.658719   0.000000
   10  SI  1  S   0.347891   0.000000   0.000000   0.000000   1.785493
   11  SI  1  X   0.000000   0.432478   0.059528  -0.082321   0.000000
   12  SI  1  Y   0.000000  -0.052086   0.439005   0.043815   0.000000
   13  SI  1  Z   0.000000  -0.087220   0.033002  -0.434352   0.000000

                     11         12         13
                    0.3586     0.3586     0.3586
                     ?B2U       ?B1U       ?B3U
    1  SI  1  S   0.000000   0.000000   0.000000
    2  SI  1  S   0.000000   0.000000   0.000000
    3  SI  1  X  -0.000062  -0.000084  -0.257597
    4  SI  1  Y  -0.257597   0.000034   0.000062
    5  SI  1  Z  -0.000034  -0.257597   0.000084
    6  SI  1  S   0.000000   0.000000   0.000000
    7  SI  1  X   0.000292   0.000400   1.219963
    8  SI  1  Y   1.219963  -0.000162  -0.000292
    9  SI  1  Z   0.000162   1.219963  -0.000400
   10  SI  1  S   0.000000   0.000000   0.000000
   11  SI  1  X  -0.000304  -0.000415  -1.268451
   12  SI  1  Y  -1.268451   0.000168   0.000304
   13  SI  1  Z  -0.000168  -1.268451   0.000415

 ... END OF ROHF-GVB SCF CALCULATION ...

 CPU        TIME:   STEP =      0.02 ,  TOTAL =        0.0 SECONDS (    0.0 MIN)
 WALL CLOCK TIME:   STEP =      0.01 ,  TOTAL =        0.0 SECONDS (    0.0 MIN)
 CPU UTILIZATION:   STEP =    187.97%,  TOTAL =     145.65%


                         ------------------------------
                         properties for the GVB density
                         ------------------------------

          -----------------
          ENERGY COMPONENTS
          -----------------

         WAVEFUNCTION NORMALIZATION =       1.0000000000

                ONE ELECTRON ENERGY =    -400.5453929438
                TWO ELECTRON ENERGY =     111.7168199693
           NUCLEAR REPULSION ENERGY =       0.0000000000
                                      ------------------
                       TOTAL ENERGY =    -288.8285729745

 ELECTRON-ELECTRON POTENTIAL ENERGY =     111.7168199693
  NUCLEUS-ELECTRON POTENTIAL ENERGY =    -689.3677561701
   NUCLEUS-NUCLEUS POTENTIAL ENERGY =       0.0000000000
                                      ------------------
             TOTAL POTENTIAL ENERGY =    -577.6509362008
               TOTAL KINETIC ENERGY =     288.8223632263
                 VIRIAL RATIO (V/T) =       2.0000215002

          ---------------------------------------
          MULLIKEN AND LOWDIN POPULATION ANALYSES
          ---------------------------------------

     MULLIKEN ATOMIC POPULATION IN EACH MOLECULAR ORBITAL

                      1          2          3          4          5

                  2.000000   2.000000   2.000000   2.000000   2.000000

    1             2.000000   2.000000   2.000000   2.000000   2.000000

                      6          7          8          9

                  2.000000   0.666667   0.666667   0.666667

    1             2.000000   0.666667   0.666667   0.666667

               ----- POPULATIONS IN EACH AO -----
                             MULLIKEN      LOWDIN
              1  SI  1  S     1.99986     1.99943
              2  SI  1  S     1.99963     1.99929
              3  SI  1  X     1.99180     1.96162
              4  SI  1  Y     1.99180     1.96162
              5  SI  1  Z     1.99180     1.96162
              6  SI  1  S     1.38150     1.20625
              7  SI  1  X     0.41709     0.42183
              8  SI  1  Y     0.41709     0.42183
              9  SI  1  Z     0.41709     0.42183
             10  SI  1  S     0.61901     0.79503
             11  SI  1  X     0.25777     0.28322
             12  SI  1  Y     0.25777     0.28322
             13  SI  1  Z     0.25777     0.28322

          ----- MULLIKEN ATOMIC OVERLAP POPULATIONS -----
          (OFF-DIAGONAL ELEMENTS NEED TO BE MULTIPLIED BY 2)

             1

    1   14.0000000

          TOTAL MULLIKEN AND LOWDIN ATOMIC POPULATIONS
       ATOM         MULL.POP.    CHARGE          LOW.POP.     CHARGE
    1 SILICON      14.000000    0.000000        14.000000    0.000000

          ---------------------
          ELECTROSTATIC MOMENTS
          ---------------------

 POINT   1           X           Y           Z (BOHR)    CHARGE
                 0.000000    0.000000    0.000000        0.00 (A.U.)
         DX          DY          DZ         /D/  (DEBYE)
     0.000000    0.000000    0.000000    0.000000
 ...... END OF PROPERTY EVALUATION ......

 CPU        TIME:   STEP =      0.00 ,  TOTAL =        0.0 SECONDS (    0.0 MIN)
 WALL CLOCK TIME:   STEP =      0.00 ,  TOTAL =        0.0 SECONDS (    0.0 MIN)
 CPU UTILIZATION:   STEP =      0.00%,  TOTAL =     141.54%
 ......END OF NBO ANALYSIS......

 CPU        TIME:   STEP =      0.00 ,  TOTAL =        0.0 SECONDS (    0.0 MIN)
 WALL CLOCK TIME:   STEP =      0.00 ,  TOTAL =        0.0 SECONDS (    0.0 MIN)
 CPU UTILIZATION:   STEP =      0.00%,  TOTAL =     138.70%

                         I/O STATISTICS:
 DATA READ TOTAL =        0.360 MB,  DATA WRITTEN TOTAL =        0.459 MB

      396852 WORDS OF    DYNAMIC MEMORY USED
      130048 BYTES OF    HEAP MEMORY    USED,       97591 BYTES REMAIN IN USE
 EXECUTION OF FIREFLY TERMINATED NORMALLY 16:58:55 17-SEP-2016    
