                             Running on host I7

          ******************************************************
          *      Firefly version 8.2.0, build number 10203     *
          *   Compiled on    Friday,    16-09-2016, 21:20:07   *
          *Code development and Intel/AMD specific optimization*
          *  Copyright (c) 1994, 2016 by  Alex A. Granovsky,   *
          *          Firefly Project, Moscow, Russia.          *
          *   Some parts of this program include code due to   *
          * work of Jim Kress, Peter Burger, and Robert Ponec. *
          ******************************************************
          *             Firefly Project homepage:              *
          * http://classic.chem.msu.su/gran/firefly/index.html *
          *                      e-mail:                       *
          *               gran@classic.chem.msu.su             *
          *This program is not a free software and is provided *
          *exclusively to its registered users under the terms *
          *       of Firefly package license agreement         *
          * Unauthorized use of Firefly is strongly prohibited *
          *   This program may not be redistributed without    *
          * the specific, written permission of its developers.*
          ******************************************************

          ******************************************************
          *  PARTIALLY BASED ON  US GAMESS VERSION 6 JUN 1999, *
          *   US GAMESS VERSIONS  6 SEP 2001 AND 12 DEC 2003   *
          *             FROM IOWA STATE UNIVERSITY             *
          * M.W.SCHMIDT, K.K.BALDRIDGE, J.A.BOATZ, S.T.ELBERT, *
          *   M.S.GORDON, J.H.JENSEN, S.KOSEKI, N.MATSUNAGA,   *
          *          K.A.NGUYEN, S.J.SU, T.L.WINDUS,           *
          *       TOGETHER WITH M.DUPUIS, J.A.MONTGOMERY       *
          *         J.COMPUT.CHEM.  14, 1347-1363(1993)        *
          ******************************************************


 Core i7    / Win32  Firefly version running under Windows NT
 Running on Intel CPU:  Brand ID  0, Family  6, Model  26, Stepping  4
 CPU Brand String    :  Intel(R) Core(TM) i7 CPU         940  @ 2.93GHz 
 CPU Features        :  x87 FPU, CMOV, MMX, SSE, SSE2, SSE3, SSSE3, SSE4.1, SSE4.2, HTT, EM64T
 Data cache size     :  L1 32 KB, L2  256 KB, L3  8192 KB
 max    # of   cores/package :   8
 max    # of threads/package :  16
 max     cache sharing level :  16
 actual # of   cores/package :   4
 actual # of threads/package :   8
 actual # of threads/core    :   2
 Operating System successfully passed SSE support test.


 PARALLEL VERSION (UNIFIED) RUNNING IN SERIAL MODE USING SINGLE PROCESS

 EXECUTION OF FIREFLY BEGUN 16:58:54 17-SEP-2016    

            ECHO OF THE FIRST FEW INPUT CARDS -
 INPUT CARD>! EXAM08.                                                                       
 INPUT CARD>!                                                                               
 INPUT CARD>! 1-A-1 H2O    RHF + MP2 gradient calculation.                                  
 INPUT CARD>! This job generates RHF orbitals which should be saved                         
 INPUT CARD>! for use with EXAM9.  This run, together with EXAM9,                           
 INPUT CARD>! shows a much more typical MCSCF calculation, which                            
 INPUT CARD>! should always be started with some sort of SCF MOs.                           
 INPUT CARD>! This job also tests the 2nd order Moller-Plesset code.                        
 INPUT CARD>!                                                                               
 INPUT CARD>! The FINAL RHF Energy is -75.5854099088 after 10 iterations.                   
 INPUT CARD>! E(MP2) is -75.7060362075, RMS grad=0.017449477                                
 INPUT CARD>! dipole moments are SCF=2.435689, MP2=2.329368                                 
 INPUT CARD>!                                                                               
 INPUT CARD> $CONTRL SCFTYP=RHF MPLEVL=2 RUNTYP=GRADIENT $END                               
 INPUT CARD> $SYSTEM TIMLIM=2 MEMORY=500000 $END                                            
 INPUT CARD>! The line below is for parallel large-scale MP2 runs                           
 INPUT CARD> $P2P P2P=.T. DLB=.T. XDLB=.T. $END                                             
 INPUT CARD> $BASIS  GBASIS=N21 NGAUSS=3 $END                                               
 INPUT CARD> $GUESS  GUESS=HUCKEL $END                                                      
 INPUT CARD> $MP2 METHOD=1 $END                                                             
 INPUT CARD> $DATA                                                                          
 INPUT CARD>Water...RHF/3-21G...exp.geom...R(OH)=0.95781,A(HOH)=104.4776                    
 INPUT CARD>Cnv      2                                                                      
 INPUT CARD>                                                                                
 INPUT CARD>OXYGEN     8.0                                                                  
 INPUT CARD>HYDROGEN   1.0   0.0     0.7572157    0.5865358                                 
 INPUT CARD> $END                                                                           
     500000 WORDS OF MEMORY AVAILABLE

 This job is executing on     1 unique host(s)
 Minimum number of processes per host is:    1
 Maximum number of processes per host is:    1

 On master's host, detected    8 CPU core(s) in aggregate

 Warning: HTT is enabled, bitmask of physically unique cores is 0x000000AA

 SMT aware parts of program will use              2 threads.

 Creating thread pool to serve up to            128 threads.

 Activating Call64 option.

 Using 64-bit DGEMM by default.

     BASIS OPTIONS
     -------------
     GBASIS=N21          IGAUSS=       3      POLAR=NONE    
     NDFUNC=       0     NFFUNC=       0     DIFFSP=       F
     NPFUNC=       0      DIFFS=       F


     RUN TITLE
     ---------
 Water...RHF/3-21G...exp.geom...R(OH)=0.95781,A(HOH)=104.4776                    

 THE POINT GROUP OF THE MOLECULE IS CNV     
 THE ORDER OF THE PRINCIPAL AXIS IS     2

 ATOM      ATOMIC                      COORDINATES (BOHR)
           CHARGE         X                   Y                   Z
 OXYGEN      8.0     0.0000000000        0.0000000000        0.0000000000
 HYDROGEN    1.0     0.0000000000       -1.4309302909        1.1083920248
 HYDROGEN    1.0     0.0000000000        1.4309302909        1.1083920248

          INTERNUCLEAR DISTANCES (ANGS.)
          ------------------------------

                    OXYGEN         HYDROGEN       HYDROGEN  

  1  OXYGEN          0.0000000      0.9578099 *    0.9578099 *  
  2  HYDROGEN        0.9578099 *    0.0000000      1.5144314 *  
  3  HYDROGEN        0.9578099 *    1.5144314 *    0.0000000    

  * ... LESS THAN  3.000


     ATOMIC BASIS SET
     ----------------
 THE CONTRACTED PRIMITIVE FUNCTIONS HAVE BEEN UNNORMALIZED
 THE CONTRACTED BASIS FUNCTIONS ARE NOW NORMALIZED TO UNITY

 SHELL TYPE PRIM    EXPONENT          CONTRACTION COEFFICIENTS

 OXYGEN    

   1   S    1     322.037000    3.209593 (  0.059239) 
   1   S    2      48.430800    4.599140 (  0.351500) 
   1   S    3      10.420600    2.925183 (  0.707658) 

   2   L    4       7.402940   -1.293695 ( -0.404453)     4.257230 (  0.244586) 
   2   L    5       1.576200    1.224712 (  1.221560)     2.149757 (  0.853955) 

   3   L    6       0.373684    0.340634 (  1.000000)     0.416458 (  1.000000) 

 HYDROGEN  

   6   S    7       5.447178    0.397151 (  0.156285) 
   6   S    8       0.824547    0.557920 (  0.904691) 

   7   S    9       0.183192    0.199567 (  1.000000) 

 TOTAL NUMBER OF SHELLS              =    7
 TOTAL NUMBER OF BASIS FUNCTIONS     =   13
 NUMBER OF ELECTRONS                 =   10
 CHARGE OF MOLECULE                  =    0
 STATE MULTIPLICITY                  =    1
 NUMBER OF OCCUPIED ORBITALS (ALPHA) =    5
 NUMBER OF OCCUPIED ORBITALS (BETA ) =    5
 TOTAL NUMBER OF ATOMS               =    3
 THE NUCLEAR REPULSION ENERGY IS        9.1892096218

     $CONTRL OPTIONS
     ---------------
     SCFTYP=RHF          RUNTYP=GRADIENT     EXETYP=RUN     
     MPLEVL=       2     LOCAL =NONE         UNITS =ANGS    
     MULT  =       1     ICHARG=       0     MAXIT =      30
     NPRINT=       7     IREST =       0     COORD =UNIQUE  
     ECP   =NONE         NORMF =       0     NORMP =       0
     ITOL  =      20     ICUT  =       9     NZVAR =       0
     NOSYM =       0     INTTYP=POPLE        GEOM  =INPUT   
     PLTORB=       F     MOLPLT=       F     RPAC  =       F
     AIMPAC=       0     FRIEND=             CITYP =NONE    
     DFTTYP=NONE    

     $SYSTEM OPTIONS
     ---------------
     KDIAG =       0     MEMORY=   500000     TIMLIM=      120.0 SEC.
     COREFL=       F     PTIME =        F     XDR   =       F
     BALTYP=LOOP         CBASE = 00401000     FBASE = 714610C0

          ----------------
          PROPERTIES INPUT
          ----------------

     MOMENTS            FIELD           POTENTIAL          DENSITY
 IEMOM =       1   IEFLD =       0   IEPOT =       0   IEDEN =       0
 WHERE =COMASS     WHERE =NUCLEI     WHERE =NUCLEI     WHERE =NUCLEI  
 OUTPUT=BOTH       OUTPUT=BOTH       OUTPUT=BOTH       OUTPUT=BOTH    
 IEMINT=       0   IEFINT=       0                     IEDINT=       0
                                                       MORB  =       0

          EXTRAPOLATION IN EFFECT
          SOSCF IN EFFECT

          ----------------------
          INTEGRAL INPUT OPTIONS
          ----------------------
 NOPK  =       1 NORDER=       0 SCHWRZ=       T

 ATTENTION! AO INTEGRALS WILL BE PACKED.
 THRESHOLD FOR PACKING PKTHR =  0.10000000D-01

     -------------------------------
     INTEGRAL TRANSFORMATION OPTIONS
     -------------------------------
     NWORD  =       0     CUTTRF = 1.0E-09
     MPTRAN =       0     DIRTRF =       F
     AOINTS =DUP          IREST  =       0

          -----------------------
          MP2 CONTROL INFORMATION
          -----------------------
          NCORE  =        1  CUTOFF = 1.00E-09
          LMOMP2 =        F  AOINTS = DUP     
          METHOD =        1  NWORD  =          0
          MP2PRP =        F  DIRECT =          F
          PACKAO =        T  MNRECL =      20000
          SPARSE =     AUTO  OSPT   = NONE    
          SCS(S) =        1.0000000000000000E+00
          SCS(T) =        1.0000000000000000E+00

          NUMBER OF CORE      ORBITALS =     1
          NUMBER OF OCC. -A-  ORBITALS =     5
          NUMBER OF OCC. -B-  ORBITALS =     5
          NUMBER OF MOLECULAR ORBITALS =    13
          NUMBER OF   BASIS  FUNCTIONS =    13


          ----------------------------------
           ADVANCED MP2 PROPERTIES/GRADIENT
              PROGRAM CONTROL PARAMETERS
          ----------------------------------
          CACHE  =       T  ASYNC  =       T
          XASYNC =       T  ASYSNC =       F
          FUSED  =       T  DBLBF  =       T
          GLBLSN =       F
          NBUFS  =       2  GRDMET =       2
          MXI    =       4  MXPQ   =     225
          RSIZE1 =   32768  RSIZE2 =   32768
          TOL1   = 1.0E-09  TOL2   = 1.0E-09
          RANDOM = 3.3333333333333330000E-01


     ------------------------------------------
     THE POINT GROUP IS CNV, NAXIS= 2, ORDER= 4
     ------------------------------------------

     DIMENSIONS OF THE SYMMETRY SUBSPACES ARE
 A1  =   7      A2  =   0      B1  =   2      B2  =   4

 ..... DONE SETTING UP THE RUN .....

 CPU        TIME:   STEP =      0.02 ,  TOTAL =        0.0 SECONDS (    0.0 MIN)
 WALL CLOCK TIME:   STEP =      0.02 ,  TOTAL =        0.0 SECONDS (    0.0 MIN)
 CPU UTILIZATION:   STEP =     94.37%,  TOTAL =     188.74%

                    --------------------------------
                    SINGLE POINT ENERGY AND GRADIENT
                    --------------------------------

          ********************
          1 ELECTRON INTEGRALS
          ********************
 ...... END OF ONE-ELECTRON INTEGRALS ......

 CPU        TIME:   STEP =      0.00 ,  TOTAL =        0.0 SECONDS (    0.0 MIN)
 WALL CLOCK TIME:   STEP =      0.00 ,  TOTAL =        0.0 SECONDS (    0.0 MIN)
 CPU UTILIZATION:   STEP =      0.00%,  TOTAL =     184.82%

          -------------
          GUESS OPTIONS
          -------------
          GUESS =HUCKEL            NORB  =       0          NORDER=       0
          MIX   =       F          PRTMO =       F          SYMDEN=       F
          TOLZ  = 0.0E+00          TOLE  = 0.0E+00

 INITIAL GUESS ORBITALS GENERATED BY HUCKEL   ROUTINE.
 HUCKEL GUESS REQUIRES      3317 WORDS.

 LOG10 OF CONDITION NUMBER OF OVERLAP MATRIX IS:  1.65050017E+00

 SYMMETRIES FOR INITIAL GUESS ORBITALS FOLLOW.   BOTH SET(S).
     5 ORBITALS ARE OCCUPIED (    1 CORE ORBITALS).
     2=A1       3=B2       4=A1       5=B1       6=B2       7=A1       8=A1  
     9=A1      10=A1      11=B1      12=B2      13=B2  
 ...... END OF INITIAL ORBITAL SELECTION ......

 CPU        TIME:   STEP =      0.00 ,  TOTAL =        0.0 SECONDS (    0.0 MIN)
 WALL CLOCK TIME:   STEP =      0.00 ,  TOTAL =        0.0 SECONDS (    0.0 MIN)
 CPU UTILIZATION:   STEP =      0.00%,  TOTAL =     161.79%

          --------------------
          2 ELECTRON INTEGRALS
          --------------------

 THE -PK- OPTION IS OFF, THE INTEGRALS ARE NOT IN SUPERMATRIX FORM.
 STORING    4998 INTEGRALS/RECORD ON DISK, USING 12 BYTES/INTEGRAL.
 TWO ELECTRON INTEGRAL EVALUATION REQUIRES   34438 WORDS OF MEMORY.
 SCHWARZ INEQUALITY OVERHEAD:        91 INTEGRALS, CPU TIME=        0.00
 II,JST,KST,LST =  1  1  1  1 NREC =         1 INTLOC =    1
 II,JST,KST,LST =  2  1  1  1 NREC =         1 INTLOC =    2
 II,JST,KST,LST =  3  1  1  1 NREC =         1 INTLOC =   34
 II,JST,KST,LST =  4  1  1  1 NREC =         1 INTLOC =  214
 II,JST,KST,LST =  5  1  1  1 NREC =         1 INTLOC =  214
 II,JST,KST,LST =  6  1  1  1 NREC =         1 INTLOC =  214
 II,JST,KST,LST =  7  1  1  1 NREC =         1 INTLOC =  604
 SCHWARZ INEQUALITY TEST SKIPPED         0 INTEGRAL BLOCKS.
 TOTAL NUMBER OF NONZERO TWO-ELECTRON INTEGRALS =                1282
          1 INTEGRAL RECORDS WERE STORED ON DISK FILE  8.
 ...... END OF TWO-ELECTRON INTEGRALS .....

 CPU        TIME:   STEP =      0.00 ,  TOTAL =        0.0 SECONDS (    0.0 MIN)
 WALL CLOCK TIME:   STEP =      0.00 ,  TOTAL =        0.0 SECONDS (    0.0 MIN)
 CPU UTILIZATION:   STEP =      0.00%,  TOTAL =     145.00%

          -------------------
          RHF SCF CALCULATION
          -------------------

     NUCLEAR ENERGY =         9.1892096218
     MAXIT =   30     NPUNCH=    2
     EXTRAP=T  DAMP=F  SHIFT=F  RSTRCT=F  DIIS=F  DEM=F  SOSCF=T
     DENSITY CONV=  1.00E-06
     SOSCF WILL OPTIMIZE      40 ORBITAL ROTATIONS, SOGTOL=   0.250
     MEMORY REQUIRED FOR RHF STEP=      9082 WORDS.

 ITER EX DEM  TOTAL ENERGY      E CHANGE  DENSITY CHANGE     ORB. GRAD
   1  0  0   -75.365820567   -75.365820567   0.540988238   0.000000000
          ---------------START SECOND ORDER SCF---------------
   2  1  0   -75.573962160    -0.208141593   0.140396915   0.057364554
   3  2  0   -75.584365138    -0.010402978   0.050757398   0.014790470
   4  3  0   -75.585358980    -0.000993842   0.003802789   0.002901472
   5  4  0   -75.585400542    -0.000041563   0.001538319   0.001457168
   6  5  0   -75.585409789    -0.000009246   0.000260724   0.000191717
   7  6  0   -75.585409907    -0.000000119   0.000049123   0.000022534
   8  7  0   -75.585409909    -0.000000002   0.000004668   0.000003979
   9  8  0   -75.585409909     0.000000000   0.000001010   0.000000672
  10  9  0   -75.585409909     0.000000000   0.000000217   0.000000106

          -----------------
          DENSITY CONVERGED
          -----------------
     TIME TO FORM FOCK OPERATORS =       0.00 SECONDS (       0.00 SEC/ITER)
     TIME TO SOLVE SCF EQUATIONS =       0.02 SECONDS (       0.00 SEC/ITER)

 FINAL ENERGY IS      -75.5854099088 AFTER  10 ITERATIONS

          ------------
          EIGENVECTORS
          ------------

                      1          2          3          4          5
                  -20.4283    -1.3292    -0.6853    -0.5376    -0.4796
                     A1         A1         B2         A1         B1  
    1  O   1  S  -0.983232   0.229152   0.000000  -0.088425   0.000000
    2  O   1  S  -0.095883  -0.217517   0.000000   0.082203   0.000000
    3  O   1  X   0.000000   0.000000   0.000000   0.000000   0.521291
    4  O   1  Y   0.000000   0.000000   0.398526   0.000000   0.000000
    5  O   1  Z  -0.003537  -0.083483   0.000000  -0.441972   0.000000
    6  O   1  S   0.038016  -0.706272   0.000000   0.404997   0.000000
    7  O   1  X   0.000000   0.000000   0.000000   0.000000   0.632105
    8  O   1  Y   0.000000   0.000000   0.369755   0.000000   0.000000
    9  O   1  Z   0.006793  -0.093449   0.000000  -0.507923   0.000000
   10  H   2  S  -0.002616  -0.117151  -0.233864  -0.130894   0.000000
   11  H   2  S  -0.006908  -0.019083  -0.183325  -0.105229   0.000000
   12  H   3  S  -0.002616  -0.117151   0.233864  -0.130894   0.000000
   13  H   3  S  -0.006908  -0.019083   0.183325  -0.105229   0.000000

                      6          7          8          9         10
                    0.2636     0.3619     1.1930     1.3081     1.7823
                     A1         B2         B2         A1         B1  
    1  O   1  S  -0.109214   0.000000   0.000000   0.068463   0.000000
    2  O   1  S   0.034848   0.000000   0.000000  -0.098778   0.000000
    3  O   1  X   0.000000   0.000000   0.000000   0.000000   1.029273
    4  O   1  Y   0.000000  -0.303115  -0.182478   0.000000   0.000000
    5  O   1  Z   0.209200   0.000000   0.000000  -0.276683   0.000000
    6  O   1  S   1.044979   0.000000   0.000000  -0.116460   0.000000
    7  O   1  X   0.000000   0.000000   0.000000   0.000000  -0.965189
    8  O   1  Y   0.000000  -0.774746  -0.452720   0.000000   0.000000
    9  O   1  Z   0.466164   0.000000   0.000000  -0.301713   0.000000
   10  H   2  S  -0.046426  -0.036159  -0.964975   0.985009   0.000000
   11  H   2  S  -0.863110  -1.176673   0.684075  -0.485556   0.000000
   12  H   3  S  -0.046426   0.036159   0.964975   0.985009   0.000000
   13  H   3  S  -0.863110   1.176673  -0.684075  -0.485556   0.000000

                     11         12         13
                    1.8669     2.0159     3.1133
                     A1         B2         A1  
    1  O   1  S  -0.045193   0.000000  -0.084643
    2  O   1  S   0.135668   0.000000   1.641375
    3  O   1  X   0.000000   0.000000   0.000000
    4  O   1  Y   0.000000   1.067043   0.000000
    5  O   1  Z  -1.010034   0.000000   0.160538
    6  O   1  S   0.172342   0.000000  -1.993863
    7  O   1  X   0.000000   0.000000   0.000000
    8  O   1  Y   0.000000  -1.396235   0.000000
    9  O   1  Z   1.152742   0.000000  -0.497522
   10  H   2  S  -0.260464  -0.137469   0.287286
   11  H   2  S  -0.092176  -0.507618   0.359616
   12  H   3  S  -0.260464   0.137469   0.287286
   13  H   3  S  -0.092176   0.507618   0.359616
 ...... END OF RHF CALCULATION ......

 CPU        TIME:   STEP =      0.02 ,  TOTAL =        0.0 SECONDS (    0.0 MIN)
 WALL CLOCK TIME:   STEP =      0.01 ,  TOTAL =        0.0 SECONDS (    0.0 MIN)
 CPU UTILIZATION:   STEP =    309.00%,  TOTAL =     176.17%

 Smallest alpha-alpha delta epsilon is:   0.74318371


 ------------------------------------   ------------------------------------
 ADVANCED RHF-MP2 PROPERTIES/GRADIENT   PROGRAM WRITTEN BY ALEX A. GRANOVSKY
 ------------------------------------   ------------------------------------

 # CORE ORBITALS     =    1
 # OCCUPIED ORBITALS =    4
 # BASIS FUNCTIONS   =   13

 FIRST  MP2 ENERGY/GRADIENT TEI HALF-TRANSFORMATION
 # OF WORDS AVAILABLE      =     500000
 # OF WORDS USED           =     395126
 THRESHOLD FOR KEEPING HALF-TRANSFORMED 2E-INTEGRALS =  1.000E-09

 OPENING FILE DASORT WITH        9 LOGICAL RECORDS OF   49152 WORDS
 DASORT WILL CONTAIN A MAXIMUM OF       6912 PHYSICAL RECORDS
 EACH PHYSICAL RECORD WILL CONTAIN      64   WORDS


       8 HALF-TRANSFORMED INTEGRAL RECORDS WERE WRITTEN TO UNIT  20.

 DONE WITH FIRST  MP2 GRADIENT TEI HALF-TRANFORMATION

 CPU        TIME:   STEP =      0.00 ,  TOTAL =        0.0 SECONDS (    0.0 MIN)
 WALL CLOCK TIME:   STEP =      0.01 ,  TOTAL =        0.0 SECONDS (    0.0 MIN)
 CPU UTILIZATION:   STEP =      0.00%,  TOTAL =     145.93%

 SECOND MP2 ENERGY/GRADIENT TEI HALF-TRANSFORMATION
 # OF WORDS AVAILABLE      =     500000
 # OF WORDS USED TOTALLY   =     362610
 # OF WORDS USED FOR MP2   =     100402
 # OF WORDS USED FOR DM2   =     262208
 THRESHOLD FOR KEEPING HALF-TRANSFORMED DM2 ELEMENTS =  1.000E-09

 OPENING FILE DAFL30 WITH        2 LOGICAL RECORDS OF   65536 WORDS
 DAFL30 WILL CONTAIN A MAXIMUM OF       2048 PHYSICAL RECORDS
 EACH PHYSICAL RECORD WILL CONTAIN      64   WORDS


       1 HALF-TRANSFORMED DM2 RECORDS WERE WRITTEN TO UNIT  30.


 DONE WITH SECOND MP2 GRADIENT TEI HALF-TRANFORMATION

 CPU        TIME:   STEP =      0.00 ,  TOTAL =        0.0 SECONDS (    0.0 MIN)
 WALL CLOCK TIME:   STEP =      0.00 ,  TOTAL =        0.0 SECONDS (    0.0 MIN)
 CPU UTILIZATION:   STEP =      0.00%,  TOTAL =     136.07%

 RESULTS OF MOLLER-PLESSET 2ND ORDER CORRECTION ARE
               E(0)=       -75.5854099088
               E(1)=         0.0
               E(2)=        -0.1206262986
             E(MP2)=       -75.7060362075


 ..... DONE WITH MP2 ENERGY .....

 CPU        TIME:   STEP =      0.00 ,  TOTAL =        0.0 SECONDS (    0.0 MIN)
 WALL CLOCK TIME:   STEP =      0.00 ,  TOTAL =        0.0 SECONDS (    0.0 MIN)
 CPU UTILIZATION:   STEP =      0.00%,  TOTAL =     129.83%

     -------------------------------------------------
     SCF PROPERTIES...FOR THE UNPERTURBED WAVEFUNCTION
     -------------------------------------------------


                         ------------------------------
                         properties for the RHF density
                         ------------------------------

          -----------------
          ENERGY COMPONENTS
          -----------------

         WAVEFUNCTION NORMALIZATION =       1.0000000000

                ONE ELECTRON ENERGY =    -122.6292011771
                TWO ELECTRON ENERGY =      37.8545816465
           NUCLEAR REPULSION ENERGY =       9.1892096218
                                      ------------------
                       TOTAL ENERGY =     -75.5854099088

 ELECTRON-ELECTRON POTENTIAL ENERGY =      37.8545816465
  NUCLEUS-ELECTRON POTENTIAL ENERGY =    -198.0945414522
   NUCLEUS-NUCLEUS POTENTIAL ENERGY =       9.1892096218
                                      ------------------
             TOTAL POTENTIAL ENERGY =    -151.0507501839
               TOTAL KINETIC ENERGY =      75.4653402751
                 VIRIAL RATIO (V/T) =       2.0015910567

  ...... PI ENERGY ANALYSIS ......

 ENERGY ANALYSIS:
            FOCK ENERGY=     -46.9200380696
          BARE H ENERGY=    -122.6292011771
     ELECTRONIC ENERGY =     -84.7746196234
         KINETIC ENERGY=      75.4653402751
          N-N REPULSION=       9.1892096218
           TOTAL ENERGY=     -75.5854100016
        SIGMA PART(1+2)=     -77.1139041050
               (K,V1,2)=      70.8071735976    -179.0741549176      31.1530772149
           PI PART(1+2)=      -7.6607155184
               (K,V1,2)=       4.6581666775     -19.0203865346       6.7015043388
  SIGMA SKELETON, ERROR=     -67.9246944832       0.0000000000
             MIXED PART= 0.00000E+00 0.00000E+00 0.00000E+00 0.00000E+00
 ...... END OF PI ENERGY ANALYSIS ......

          ---------------------------------------
          MULLIKEN AND LOWDIN POPULATION ANALYSES
          ---------------------------------------

     MULLIKEN ATOMIC POPULATION IN EACH MOLECULAR ORBITAL

                      1          2          3          4          5

                  2.000000   2.000000   2.000000   2.000000   2.000000

    1             1.997570   1.732629   1.222138   1.775225   2.000000
    2             0.001215   0.133685   0.388931   0.112387   0.000000
    3             0.001215   0.133685   0.388931   0.112387   0.000000

               ----- POPULATIONS IN EACH AO -----
                             MULLIKEN      LOWDIN
              1  O   1  S     1.98533     1.98018
              2  O   1  S     0.41835     0.56940
              3  O   1  X     0.87219     0.88922
              4  O   1  Y     0.55235     0.52170
              5  O   1  Z     0.68422     0.67750
              6  O   1  S     1.48535     1.06548
              7  O   1  X     1.12781     1.11078
              8  O   1  Y     0.66979     0.71445
              9  O   1  Z     0.93217     0.93519
             10  H   2  S     0.43951     0.45196
             11  H   2  S     0.19671     0.31609
             12  H   3  S     0.43951     0.45196
             13  H   3  S     0.19671     0.31609

          ----- MULLIKEN ATOMIC OVERLAP POPULATIONS -----
          (OFF-DIAGONAL ELEMENTS NEED TO BE MULTIPLIED BY 2)

             1           2           3

    1    8.1973525
    2    0.2651051   0.4134759
    3    0.2651051  -0.0423624   0.4134759

          TOTAL MULLIKEN AND LOWDIN ATOMIC POPULATIONS
       ATOM         MULL.POP.    CHARGE          LOW.POP.     CHARGE
    1 OXYGEN        8.727563   -0.727563         8.463902   -0.463902
    2 HYDROGEN      0.636219    0.363781         0.768049    0.231951
    3 HYDROGEN      0.636219    0.363781         0.768049    0.231951

          -------------------------------
          BOND ORDER AND VALENCE ANALYSIS     BOND ORDER THRESHOLD=0.050
          -------------------------------

                   BOND                       BOND                       BOND
  ATOM PAIR DIST  ORDER      ATOM PAIR DIST  ORDER      ATOM PAIR DIST  ORDER
    1   2  0.958  0.831        1   3  0.958  0.831

                       TOTAL       BONDED        FREE
      ATOM            VALENCE     VALENCE     VALENCE
    1 OXYGEN            1.661       1.661       0.000
    2 HYDROGEN          0.836       0.836       0.000
    3 HYDROGEN          0.836       0.836       0.000

          ---------------------
          ELECTROSTATIC MOMENTS
          ---------------------

 POINT   1           X           Y           Z (BOHR)    CHARGE
                 0.000000    0.000000    0.124046        0.00 (A.U.)
         DX          DY          DZ         /D/  (DEBYE)
     0.000000    0.000000    2.435689    2.435689
 ...... END OF PROPERTY EVALUATION ......

 CPU        TIME:   STEP =      0.00 ,  TOTAL =        0.0 SECONDS (    0.0 MIN)
 WALL CLOCK TIME:   STEP =      0.00 ,  TOTAL =        0.0 SECONDS (    0.0 MIN)
 CPU UTILIZATION:   STEP =      0.00%,  TOTAL =     126.88%
 ......END OF NBO ANALYSIS......

 CPU        TIME:   STEP =      0.00 ,  TOTAL =        0.0 SECONDS (    0.0 MIN)
 WALL CLOCK TIME:   STEP =      0.00 ,  TOTAL =        0.0 SECONDS (    0.0 MIN)
 CPU UTILIZATION:   STEP =      0.00%,  TOTAL =     125.02%

          ---------------------
          CPHF FOR MP2 GRADIENT
          ---------------------

 -MP2- LAGRANGIAN     TOOK =      0.000 SECONDS

 ..... SOLVING CPHF IN THE AO BASIS .....
 ..... INITIATING DIIS PROCEDURE .....
 MAXIMUM RESPONSE VECTOR ERROR= 5.285994E-04
 MAXIMUM RESPONSE VECTOR ERROR= 5.106814E-04
 MAXIMUM RESPONSE VECTOR ERROR= 1.944732E-04
 MAXIMUM RESPONSE VECTOR ERROR= 2.135852E-05
 MAXIMUM RESPONSE VECTOR ERROR= 6.507402E-07
 MAXIMUM RESPONSE VECTOR ERROR= 2.237836E-08
 MAXIMUM RESPONSE VECTOR ERROR= 1.718154E-09
 MAXIMUM RESPONSE VECTOR ERROR= 1.085304E-10
 .....    9 ITERATIONS CARRIED OUT    .....

 -MP2- CPHF EQUATIONS TOOK =      0.016 SECONDS
 -MP2- W2(OCC,OCC)    TOOK =      0.000 SECONDS
 ..... DONE WITH MP2 CPHF AND DENSITY .....

 CPU        TIME:   STEP =      0.02 ,  TOTAL =        0.1 SECONDS (    0.0 MIN)
 WALL CLOCK TIME:   STEP =      0.00 ,  TOTAL =        0.0 SECONDS (    0.0 MIN)
 CPU UTILIZATION:   STEP =    444.12%,  TOTAL =     152.40%


 MP2 NATURAL ORBITAL OCCUPATION NUMBERS ARE
  2.0000 1.9925 1.9873 1.9815 1.9786 0.0192 0.0173 0.0120 0.0072 0.0021
  0.0016 0.0004 0.0003
 THERE ARE     9.9399 ELECTRONS IN PRINCIPAL NATURAL ORBITALS.
 THERE ARE     0.0601 ELECTRONS IN SECONDARY NATURAL ORBITALS.
 MP2 NATURAL ORBITALS HAVE BEEN PUNCHED.

     -------------------------------------------------
     MP2 PROPERTIES...FOR THE FIRST ORDER WAVEFUNCTION
     -------------------------------------------------


                         ------------------------------
                         properties for the MP2 density
                         ------------------------------

          -----------------
          ENERGY COMPONENTS
          -----------------

         WAVEFUNCTION NORMALIZATION =       1.0000000000

                ONE ELECTRON ENERGY =    -122.5736318724
                TWO ELECTRON ENERGY =      37.6783860431
           NUCLEAR REPULSION ENERGY =       9.1892096218
                                      ------------------
                       TOTAL ENERGY =     -75.7060362075

 ELECTRON-ELECTRON POTENTIAL ENERGY =      37.6783860431
  NUCLEUS-ELECTRON POTENTIAL ENERGY =    -198.2407031666
   NUCLEUS-NUCLEUS POTENTIAL ENERGY =       9.1892096218
                                      ------------------
             TOTAL POTENTIAL ENERGY =    -151.3731075017
               TOTAL KINETIC ENERGY =      75.6670712942
                 VIRIAL RATIO (V/T) =       2.0005149520

          ---------------------------------------
          MULLIKEN AND LOWDIN POPULATION ANALYSES
          ---------------------------------------

     MULLIKEN ATOMIC POPULATION IN EACH MOLECULAR ORBITAL

                      1          2          3          4          5

                  2.000000   2.000000   2.000000   2.000000   2.000000

    1             1.997570   1.732629   1.222138   1.775225   2.000000
    2             0.001215   0.133685   0.388931   0.112387   0.000000
    3             0.001215   0.133685   0.388931   0.112387   0.000000

               ----- POPULATIONS IN EACH AO -----
                             MULLIKEN      LOWDIN
              1  O   1  S     1.98523     1.98002
              2  O   1  S     0.42525     0.57472
              3  O   1  X     0.87236     0.88933
              4  O   1  Y     0.57084     0.53620
              5  O   1  Z     0.69105     0.68155
              6  O   1  S     1.47382     1.06289
              7  O   1  X     1.12699     1.11003
              8  O   1  Y     0.62926     0.68868
              9  O   1  Z     0.90201     0.91469
             10  H   2  S     0.44486     0.45502
             11  H   2  S     0.21674     0.32593
             12  H   3  S     0.44486     0.45502
             13  H   3  S     0.21674     0.32593

          ----- MULLIKEN ATOMIC OVERLAP POPULATIONS -----
          (OFF-DIAGONAL ELEMENTS NEED TO BE MULTIPLIED BY 2)

             1           2           3

    1    8.1733223
    2    0.2517456   0.4558232
    3    0.2517456  -0.0459756   0.4558232

          TOTAL MULLIKEN AND LOWDIN ATOMIC POPULATIONS
       ATOM         MULL.POP.    CHARGE          LOW.POP.     CHARGE
    1 OXYGEN        8.676813   -0.676813         8.438109   -0.438109
    2 HYDROGEN      0.661593    0.338407         0.780946    0.219054
    3 HYDROGEN      0.661593    0.338407         0.780946    0.219054

          -------------------------------
          BOND ORDER AND VALENCE ANALYSIS     BOND ORDER THRESHOLD=0.050
          -------------------------------

                   BOND                       BOND                       BOND
  ATOM PAIR DIST  ORDER      ATOM PAIR DIST  ORDER      ATOM PAIR DIST  ORDER
    1   2  0.958  0.818        1   3  0.958  0.818

                       TOTAL       BONDED        FREE
      ATOM            VALENCE     VALENCE     VALENCE
    1 OXYGEN            1.811       1.636       0.175
    2 HYDROGEN          0.854       0.822       0.032
    3 HYDROGEN          0.854       0.822       0.032

          ---------------------
          ELECTROSTATIC MOMENTS
          ---------------------

 POINT   1           X           Y           Z (BOHR)    CHARGE
                 0.000000    0.000000    0.124046        0.00 (A.U.)
         DX          DY          DZ         /D/  (DEBYE)
     0.000000    0.000000    2.329368    2.329368
 ...... END OF PROPERTY EVALUATION ......

 CPU        TIME:   STEP =      0.00 ,  TOTAL =        0.1 SECONDS (    0.0 MIN)
 WALL CLOCK TIME:   STEP =      0.00 ,  TOTAL =        0.0 SECONDS (    0.0 MIN)
 CPU UTILIZATION:   STEP =      0.00%,  TOTAL =     149.74%
 ......END OF NBO ANALYSIS......

 CPU        TIME:   STEP =      0.00 ,  TOTAL =        0.1 SECONDS (    0.0 MIN)
 WALL CLOCK TIME:   STEP =      0.00 ,  TOTAL =        0.0 SECONDS (    0.0 MIN)
 CPU UTILIZATION:   STEP =      0.00%,  TOTAL =     148.11%

 BEGINNING ONE ELECTRON GRADIENT...
 ..... END OF 1-ELECTRON GRADIENT ......

 CPU        TIME:   STEP =      0.00 ,  TOTAL =        0.1 SECONDS (    0.0 MIN)
 WALL CLOCK TIME:   STEP =      0.00 ,  TOTAL =        0.0 SECONDS (    0.0 MIN)
 CPU UTILIZATION:   STEP =      0.00%,  TOTAL =     145.25%

          ----------------------
          GRADIENT OF THE ENERGY
          ----------------------
 MP2 MEMORY ALLOCATION FOR 2E- GRADIENT INTEGRALS.
 REQUIRED MEMORY =         137933 WORDS
 SCHWARZ SCREENING SKIPPED          0 BLOCKS, COMPUTED        199 BLOCKS

 ...... END OF 2-ELECTRON GRADIENT ......

 CPU        TIME:   STEP =      0.00 ,  TOTAL =        0.1 SECONDS (    0.0 MIN)
 WALL CLOCK TIME:   STEP =      0.00 ,  TOTAL =        0.0 SECONDS (    0.0 MIN)
 CPU UTILIZATION:   STEP =      0.00%,  TOTAL =     132.24%

                         ----------------------
                         GRADIENT OF THE ENERGY
                         ----------------------

      ATOM                 E'X               E'Y               E'Z 
    1 OXYGEN           0.000000000       0.000000000       0.029654071
    2 HYDROGEN         0.000000000       0.026658135      -0.014827035
    3 HYDROGEN         0.000000000      -0.026658135      -0.014827035

                   MAXIMUM GRADIENT =    0.029654071
                       RMS GRADIENT =    0.017449477
  $VIB   
          IVIB=   0 IATOM=   0 ICOORD=   0 E=      -75.7060362075
  0.000000000E+00 0.000000000E+00 2.965407091E-02 0.000000000E+00 2.665813537E-02
 -1.482703545E-02 0.000000000E+00-2.665813537E-02-1.482703545E-02
 -9.632341197E-17 0.000000000E+00 2.329367752E+00

 ..... END OF SINGLE POINT GRADIENT .....

 CPU        TIME:   STEP =      0.00 ,  TOTAL =        0.1 SECONDS (    0.0 MIN)
 WALL CLOCK TIME:   STEP =      0.00 ,  TOTAL =        0.0 SECONDS (    0.0 MIN)
 CPU UTILIZATION:   STEP =      0.00%,  TOTAL =     131.94%

                         I/O STATISTICS:
 DATA READ TOTAL =        0.537 MB,  DATA WRITTEN TOTAL =        0.488 MB

      396855 WORDS OF    DYNAMIC MEMORY USED
      146359 BYTES OF    HEAP MEMORY    USED,      121975 BYTES REMAIN IN USE
 EXECUTION OF FIREFLY TERMINATED NORMALLY 16:58:54 17-SEP-2016    
