                             Running on host I7

          ******************************************************
          *      Firefly version 8.2.0, build number 10203     *
          *   Compiled on    Friday,    16-09-2016, 21:20:07   *
          *Code development and Intel/AMD specific optimization*
          *  Copyright (c) 1994, 2016 by  Alex A. Granovsky,   *
          *          Firefly Project, Moscow, Russia.          *
          *   Some parts of this program include code due to   *
          * work of Jim Kress, Peter Burger, and Robert Ponec. *
          ******************************************************
          *             Firefly Project homepage:              *
          * http://classic.chem.msu.su/gran/firefly/index.html *
          *                      e-mail:                       *
          *               gran@classic.chem.msu.su             *
          *This program is not a free software and is provided *
          *exclusively to its registered users under the terms *
          *       of Firefly package license agreement         *
          * Unauthorized use of Firefly is strongly prohibited *
          *   This program may not be redistributed without    *
          * the specific, written permission of its developers.*
          ******************************************************

          ******************************************************
          *  PARTIALLY BASED ON  US GAMESS VERSION 6 JUN 1999, *
          *   US GAMESS VERSIONS  6 SEP 2001 AND 12 DEC 2003   *
          *             FROM IOWA STATE UNIVERSITY             *
          * M.W.SCHMIDT, K.K.BALDRIDGE, J.A.BOATZ, S.T.ELBERT, *
          *   M.S.GORDON, J.H.JENSEN, S.KOSEKI, N.MATSUNAGA,   *
          *          K.A.NGUYEN, S.J.SU, T.L.WINDUS,           *
          *       TOGETHER WITH M.DUPUIS, J.A.MONTGOMERY       *
          *         J.COMPUT.CHEM.  14, 1347-1363(1993)        *
          ******************************************************


 Core i7    / Win32  Firefly version running under Windows NT
 Running on Intel CPU:  Brand ID  0, Family  6, Model  26, Stepping  4
 CPU Brand String    :  Intel(R) Core(TM) i7 CPU         940  @ 2.93GHz 
 CPU Features        :  x87 FPU, CMOV, MMX, SSE, SSE2, SSE3, SSSE3, SSE4.1, SSE4.2, HTT, EM64T
 Data cache size     :  L1 32 KB, L2  256 KB, L3  8192 KB
 max    # of   cores/package :   8
 max    # of threads/package :  16
 max     cache sharing level :  16
 actual # of   cores/package :   4
 actual # of threads/package :   8
 actual # of threads/core    :   2
 Operating System successfully passed SSE support test.


 PARALLEL VERSION (UNIFIED) RUNNING IN SERIAL MODE USING SINGLE PROCESS

 EXECUTION OF FIREFLY BEGUN 16:58:56 17-SEP-2016    

            ECHO OF THE FIRST FEW INPUT CARDS -
 INPUT CARD>! EXAM 19.                                                                      
 INPUT CARD>!                                                                               
 INPUT CARD>! Spin-orbit coupling example.                                                  
 INPUT CARD>!                                                                               
 INPUT CARD>! Energies for the singlet CI are                                               
 INPUT CARD>!   State=   1 Energy=      -54.8685312165 (1-delta)                            
 INPUT CARD>!   State=   2 Energy=      -54.8685312165 (1-delta)                            
 INPUT CARD>!   State=   3 Energy=      -54.7988367323 (1-sigma-plus)                       
 INPUT CARD>! Energies for the triplet CI are                                               
 INPUT CARD>!   State=   1 Energy=      -54.9382257007 (3-sigma-minus)                      
 INPUT CARD>!                                                                               
 INPUT CARD>! If run as METHOD=ZEFF, with ZEFF taken as true atomic Z,                      
 INPUT CARD>! then inclusion of only the 1e- operator gives SO coupling of                  
 INPUT CARD>! 114.3851 wavenumbers, and after diagonalization of the spin-orbit             
 INPUT CARD>! Hamiltonian, the relative energies of all 6 levels in the pi**2               
 INPUT CARD>! configuration are:                                                            
 INPUT CARD>!                                                                               
 INPUT CARD>! E = -15296.859,-15296.432,-15296.432,0.000,0.000, and 15296.859 wavenumbers   
 INPUT CARD>!                                                                               
 INPUT CARD>! Why are there six levels? The singlet-delta is two roots,                     
 INPUT CARD>! the singlet-sigma-plus is a third.  During the CI, the                        
 INPUT CARD>! spatial triplet-sigma-minus is one CSF, with alpha/alpha                      
 INPUT CARD>! spin, hence IROOTS=3,1.  The final spin-orbit Hamiltonian                     
 INPUT CARD>! includes all three triplet spin states, namely adding the                     
 INPUT CARD>! ab+ba and beta/beta triplets.  So, 2+1+3=6 levels.  You                       
 INPUT CARD>! can work out for yourself these have the quantum number                       
 INPUT CARD>! omega=0,0,1,2.  Only the omega=0 states can interact,                         
 INPUT CARD>! raising the triplet's degeneracy and slightly affecting                       
 INPUT CARD>! the singlet-sigma-plus state's position.                                      
 INPUT CARD>!                                                                               
 INPUT CARD>! Note that the lower multiplicity CIDRT1 is done in C1                         
 INPUT CARD>! symmetry to generate both components of the delta state.                      
 INPUT CARD>!                                                                               
 INPUT CARD> $CONTRL SCFTYP=NONE MULT=3 CITYP=GUGA RUNTYP=SPINORBT UNITS=BOHR $END          
 INPUT CARD> $SYSTEM TIMLIM=2 MEMORY=1000000 $END                                           
 INPUT CARD> $BASIS GBASIS=N31 NGAUSS=6 $END                                                
 INPUT CARD> $TRANST                                                                        
 INPUT CARD>   METHOD=ZEFF NFZC=3 NOCC=5 NUMVEC=1 NUMCI=2 IROOTS(1)=3,1                     
 INPUT CARD> $END                                                                           
 INPUT CARD> $CIDRT1 GROUP=C1  IEXCIT=2 NFZC=3 NDOC=1 NVAL=1 $END                           
 INPUT CARD> $CIDRT2 GROUP=C4V IEXCIT=2 NFZC=3 NALP=2 $END                                  
 INPUT CARD> $DATA                                                                          
 INPUT CARD>Imidogen radical                                                                
 INPUT CARD>Cnv 4                                                                           
 INPUT CARD>                                                                                
 INPUT CARD>NITROGEN    7.0                                                                 
 INPUT CARD>HYDROGEN    1.0     0.0   0.0   1.9748                                          
 INPUT CARD> $END                                                                           
 INPUT CARD>--- ROHF ORBITALS --- GENERATED AT 16:35:07 16-SEP-2016                         
 INPUT CARD>Imidogen radical                                                                
    1000000 WORDS OF MEMORY AVAILABLE

 This job is executing on     1 unique host(s)
 Minimum number of processes per host is:    1
 Maximum number of processes per host is:    1

 On master's host, detected    8 CPU core(s) in aggregate

 Warning: HTT is enabled, bitmask of physically unique cores is 0x000000AA

 SMT aware parts of program will use              2 threads.

 Creating thread pool to serve up to            128 threads.

 Activating Call64 option.

 Using 64-bit DGEMM by default.

     BASIS OPTIONS
     -------------
     GBASIS=N31          IGAUSS=       6      POLAR=NONE    
     NDFUNC=       0     NFFUNC=       0     DIFFSP=       F
     NPFUNC=       0      DIFFS=       F


     RUN TITLE
     ---------
 Imidogen radical                                                                

 THE POINT GROUP OF THE MOLECULE IS CNV     
 THE ORDER OF THE PRINCIPAL AXIS IS     4

 ATOM      ATOMIC                      COORDINATES (BOHR)
           CHARGE         X                   Y                   Z
 NITROGEN    7.0     0.0000000000        0.0000000000        0.0000000000
 HYDROGEN    1.0     0.0000000000        0.0000000000        1.9748000000

          INTERNUCLEAR DISTANCES (ANGS.)
          ------------------------------

                    NITROGEN       HYDROGEN  

  1  NITROGEN        0.0000000      1.0450192 *  
  2  HYDROGEN        1.0450192 *    0.0000000    

  * ... LESS THAN  3.000


     ATOMIC BASIS SET
     ----------------
 THE CONTRACTED PRIMITIVE FUNCTIONS HAVE BEEN UNNORMALIZED
 THE CONTRACTED BASIS FUNCTIONS ARE NOW NORMALIZED TO UNITY

 SHELL TYPE PRIM    EXPONENT          CONTRACTION COEFFICIENTS

 NITROGEN  

   1   S    1    4173.511460    0.678998 (  0.001835) 
   1   S    2     627.457911    1.250431 (  0.013995) 
   1   S    3     142.902093    2.020356 (  0.068587) 
   1   S    4      40.234329    2.644212 (  0.232241) 
   1   S    5      12.820213    2.265005 (  0.469070) 
   1   S    6       4.390437    0.779188 (  0.360455) 

   2   L    7      11.626362   -0.515875 ( -0.114961)     2.068052 (  0.067580) 
   2   L    8       2.716280   -0.255023 ( -0.169117)     1.610011 (  0.323907) 
   2   L    9       0.772218    0.672735 (  1.145852)     0.764490 (  0.740895) 

   3   L   10       0.212031    0.222695 (  1.000000)     0.205088 (  1.000000) 

 HYDROGEN  

   4   S   11      18.731137    0.214935 (  0.033495) 
   4   S   12       2.825394    0.364571 (  0.234727) 
   4   S   13       0.640122    0.415051 (  0.813757) 

   5   S   14       0.161278    0.181381 (  1.000000) 

 TOTAL NUMBER OF SHELLS              =    5
 TOTAL NUMBER OF BASIS FUNCTIONS     =   11
 NUMBER OF ELECTRONS                 =    8
 CHARGE OF MOLECULE                  =    0
 STATE MULTIPLICITY                  =    3
 NUMBER OF OCCUPIED ORBITALS (ALPHA) =    5
 NUMBER OF OCCUPIED ORBITALS (BETA ) =    3
 TOTAL NUMBER OF ATOMS               =    2
 THE NUCLEAR REPULSION ENERGY IS        3.5446627507

 THIS MOLECULE IS RECOGNIZED AS BEING LINEAR.

     $CONTRL OPTIONS
     ---------------
     SCFTYP=NONE         RUNTYP=SPINORBT     EXETYP=RUN     
     MPLEVL=       0     LOCAL =NONE         UNITS =BOHR    
     MULT  =       3     ICHARG=       0     MAXIT =      30
     NPRINT=       7     IREST =       0     COORD =UNIQUE  
     ECP   =NONE         NORMF =       0     NORMP =       0
     ITOL  =      20     ICUT  =       9     NZVAR =       0
     NOSYM =       0     INTTYP=POPLE        GEOM  =INPUT   
     PLTORB=       F     MOLPLT=       F     RPAC  =       F
     AIMPAC=       0     FRIEND=             CITYP =GUGA    
     DFTTYP=NONE    

     $SYSTEM OPTIONS
     ---------------
     KDIAG =       0     MEMORY=  1000000     TIMLIM=      120.0 SEC.
     COREFL=       F     PTIME =        F     XDR   =       F
     BALTYP=LOOP         CBASE = 00401000     FBASE = 63E110C0

          ----------------
          PROPERTIES INPUT
          ----------------

     MOMENTS            FIELD           POTENTIAL          DENSITY
 IEMOM =       1   IEFLD =       0   IEPOT =       0   IEDEN =       0
 WHERE =COMASS     WHERE =NUCLEI     WHERE =NUCLEI     WHERE =NUCLEI  
 OUTPUT=BOTH       OUTPUT=BOTH       OUTPUT=BOTH       OUTPUT=BOTH    
 IEMINT=       0   IEFINT=       0                     IEDINT=       0
                                                       MORB  =       0


          ----------------------
          INTEGRAL INPUT OPTIONS
          ----------------------
 NOPK  =       1 NORDER=       0 SCHWRZ=       T

 ATTENTION! AO INTEGRALS WILL BE PACKED.
 THRESHOLD FOR PACKING PKTHR =  0.10000000D-01

     -------------------------------
     INTEGRAL TRANSFORMATION OPTIONS
     -------------------------------
     NWORD  =       0     CUTTRF = 1.0E-09
     MPTRAN =       0     DIRTRF =       F
     AOINTS =DUP          IREST  =       0

     ------------------------------------------
     THE POINT GROUP IS CNV, NAXIS= 4, ORDER= 8
     ------------------------------------------

     DIMENSIONS OF THE SYMMETRY SUBSPACES ARE
 A1  =   7      A2  =   0      B1  =   0      B2  =   0      E   =   2

 ..... DONE SETTING UP THE RUN .....

 CPU        TIME:   STEP =      0.02 ,  TOTAL =        0.0 SECONDS (    0.0 MIN)
 WALL CLOCK TIME:   STEP =      0.02 ,  TOTAL =        0.0 SECONDS (    0.0 MIN)
 CPU UTILIZATION:   STEP =     84.76%,  TOTAL =     169.51%

     -----------------------------
     SPIN-ORBIT COUPLING CONSTANTS
     -----------------------------

     NFZC  =         3
     NUMVEC=         1
     NUMCI =         2
     NOCC  =         5
     IROOTS=  3  1
     NSTATE=  3  1
     EFFECTIVE NUCLEAR CHARGES ARE:
     1     7.000   2     1.000

          ********************
          1 ELECTRON INTEGRALS
          ********************
 ...... END OF ONE-ELECTRON INTEGRALS ......

 CPU        TIME:   STEP =      0.00 ,  TOTAL =        0.0 SECONDS (    0.0 MIN)
 WALL CLOCK TIME:   STEP =      0.00 ,  TOTAL =        0.0 SECONDS (    0.0 MIN)
 CPU UTILIZATION:   STEP =      0.00%,  TOTAL =     163.43%

 LOG10 OF CONDITION NUMBER OF OVERLAP MATRIX IS:  1.63728458E+00


          ----------------------
          CORRESPONDING ORBITALS
          ----------------------
 THE CORRESPONDING ORBITAL OVERLAPS ARE
  1.0000000000 1.0000000000 1.0000000000 1.0000000000 1.0000000000
 ...... END OF ORBITAL SELECTION ......

 CPU        TIME:   STEP =      0.00 ,  TOTAL =        0.0 SECONDS (    0.0 MIN)
 WALL CLOCK TIME:   STEP =      0.00 ,  TOTAL =        0.0 SECONDS (    0.0 MIN)
 CPU UTILIZATION:   STEP =      0.00%,  TOTAL =     150.10%

          --------------------
          2 ELECTRON INTEGRALS
          --------------------

 THE -PK- OPTION IS OFF, THE INTEGRALS ARE NOT IN SUPERMATRIX FORM.
 STORING    4998 INTEGRALS/RECORD ON DISK, USING 12 BYTES/INTEGRAL.
 TWO ELECTRON INTEGRAL EVALUATION REQUIRES   34421 WORDS OF MEMORY.
 SCHWARZ INEQUALITY OVERHEAD:        66 INTEGRALS, CPU TIME=        0.00
 II,JST,KST,LST =  1  1  1  1 NREC =         1 INTLOC =    1
 II,JST,KST,LST =  2  1  1  1 NREC =         1 INTLOC =    2
 II,JST,KST,LST =  3  1  1  1 NREC =         1 INTLOC =   34
 II,JST,KST,LST =  4  1  1  1 NREC =         1 INTLOC =  214
 II,JST,KST,LST =  5  1  1  1 NREC =         1 INTLOC =  407
 SCHWARZ INEQUALITY TEST SKIPPED         0 INTEGRAL BLOCKS.
 TOTAL NUMBER OF NONZERO TWO-ELECTRON INTEGRALS =                 677
          1 INTEGRAL RECORDS WERE STORED ON DISK FILE  8.
 ...... END OF TWO-ELECTRON INTEGRALS .....

 CPU        TIME:   STEP =      0.02 ,  TOTAL =        0.0 SECONDS (    0.0 MIN)
 WALL CLOCK TIME:   STEP =      0.00 ,  TOTAL =        0.0 SECONDS (    0.0 MIN)
 CPU UTILIZATION:   STEP =    630.76%,  TOTAL =     201.21%


     --------------------
      1-ST CI CALCULATION
     --------------------

          -----------------------     ----------------------------
          GUGA DISTINCT ROW TABLE     WRITTEN BY B.R.BROOKS,P.SAXE
          -----------------------     ----------------------------

      GROUP=C1           NPRT=       0
       FORS=       F   INTACT=       F
       FOCI=       F   MXNINT=   20000
       SOCI=       F   MXNEME=    7500
     IEXCIT=       2   NWORD =  180018

      -CORE-    -INTERNAL-  -EXTERNAL-
     NFZC=   3   NDOC=   1   NEXT=   0
     NMCC=   0   NAOS=   0   NFZV=   0
                 NBOS=   0
                 NALP=   0
                 NVAL=   1

 THE MAXIMUM ELECTRON EXCITATION WILL BE   2

 SYMMETRIES FOR THE   3 CORE,   2 ACTIVE,   0 EXTERNAL MO-S ARE
     CORE= A     A     A   
   ACTIVE= A     A   
           DOC   VAL 

 MOLECULAR CHARGE          =    0
 NUMBER OF ALPHA ELECTRONS =    4
 NUMBER OF  BETA ELECTRONS =    4

 THE ELECTRONIC STATE IS  1-A   

 THE DISTINCT ROW TABLE HAS         5 ROWS.
 THE WAVEFUNCTION  CONTAINS         3 WALKS (CSF-S).

 TOTAL NUMBER OF INTEGRALS =          9
 NUMBER OF INTEGRALS/GROUP =          9
 NUMBER OF INTEGRAL GROUPS =          1
 MAXIMUM RECORD SIZES ARE      8225 FOR UNIT 11        22 FOR UNIT 12
                              15001 FOR UNIT 15     22501 FOR UNIT 16
 ...... END OF -DRT- GENERATION ...... 

 CPU        TIME:   STEP =      0.00 ,  TOTAL =        0.0 SECONDS (    0.0 MIN)
 WALL CLOCK TIME:   STEP =      0.00 ,  TOTAL =        0.0 SECONDS (    0.0 MIN)
 CPU UTILIZATION:   STEP =      0.00%,  TOTAL =     178.96%

          ------------------------------
          CAS CI INTEGRAL TRANSFORMATION
          ------------------------------
 AO INTEGRALS WILL BE READ IN FROM DISK...

 ----- CHOOSING THREE STEPS TRANSFORMATION -----
 NUMBER OF WORDS USED      =      22052
 NUMBER OF WORDS AVAILABLE =    1000000
 NUMBER OF PASSES          =          1

 ----- NUCLEAR REPULSION ENERGY =      3.54466275
 ----- FROZEN CORE ENERGY       =    -56.82165428

 ... SYMMETRY ...           CPU =    0.00
 ... (PQ|RS) -> (PQ|KL) ... CPU =    0.00
 ... (PQ|KL) -> (IJ|KL) ... CPU =    0.00

 NUMBER OF (PQ|KL) INTEGRALS WRITTEN          0
 NUMBER OF (IJ|KL) INTEGRALS WRITTEN          4
 ..... END OF CAS CI INTEGRAL TRANSFORMATION .....

 CPU        TIME:   STEP =      0.00 ,  TOTAL =        0.0 SECONDS (    0.0 MIN)
 WALL CLOCK TIME:   STEP =      0.00 ,  TOTAL =        0.0 SECONDS (    0.0 MIN)
 CPU UTILIZATION:   STEP =      0.00%,  TOTAL =     167.96%

          ------------------------
          GUGA-CI INTEGRAL SORTING
          ------------------------

     30010 WORDS NEEDED TO SORT              9 GUGA INTEGRALS IN MEMORY
   1000000 WORDS ARE AVAILABLE
 CHOOSING IN-MEMORY SORTING...
 IN CORE ALGORITHM SORTED              3 NON-ZERO 1E- INTEGRALS
 IN CORE ALGORITHM SORTED              4 NON-ZERO 2E- INTEGRALS
 ...... END OF INTEGRAL SORTING ......

 CPU        TIME:   STEP =      0.00 ,  TOTAL =        0.0 SECONDS (    0.0 MIN)
 WALL CLOCK TIME:   STEP =      0.00 ,  TOTAL =        0.0 SECONDS (    0.0 MIN)
 CPU UTILIZATION:   STEP =      0.00%,  TOTAL =     161.67%

 -------------------------     ---------------------------------------
 ENERGY MATRIX CALCULATION     WRITTEN BY B.R.BROOKS,W.D.LAIDIG,P.SAXE
 -------------------------     ---------------------------------------

 COMPUTING THE HAMILTONIAN FOR THE         3 CSF-S...

           8 IS THE TOTAL NUMBER OF GENERATED LOOPS
           8 WERE CREATED BY THE LOOP-DRIVEN ALGORITHM
           0 WERE CREATED IMPLICITLY

           6 IS THE TOTAL NUMBER OF PROCESSED LOOPS
           5     DIAGONAL LOOPS ARE STORED ON WORK15 IN       1 BUFFERS OF   7500 ELEMENTS.
           1 OFF DIAGONAL LOOPS ARE STORED ON WORK16 IN       1 BUFFERS OF   7500 ELEMENTS.
 ...... END OF ENERGY MATRIX CALCULATION ...... 

 CPU        TIME:   STEP =      0.00 ,  TOTAL =        0.0 SECONDS (    0.0 MIN)
 WALL CLOCK TIME:   STEP =      0.00 ,  TOTAL =        0.0 SECONDS (    0.0 MIN)
 CPU UTILIZATION:   STEP =      0.00%,  TOTAL =     158.38%

          -----------------------------------------
          DAVIDSON METHOD CI-MATRIX DIAGONALIZATION
            PROGRAM WRITTEN BY ALEX A. GRANOVSKY
          -----------------------------------------
 NUMBER OF STATES REQUESTED =     3
 MAX. NUMB. OF EXPAN. VEC   =    30
 MAX. NUMB. IMPROVED STATES =     3
 MAX. NUMB. OF ITERATIONS   =    50
 CONVERGENCE CRITERION      =    1.0E-05

 CHOOSING TO SOLVE SECULAR EQUATION IN MEMORY
 NUMBER OF WORDS AVAILABLE =    1000000
 NUMBER OF WORDS USED      =      19733
 ENERGY MATRIX BUFFER SIZE =       7500

     3 LOWEST DIAGONAL ELEMENTS OF HAMILTONIAN ARE
    -54.8685312 (CSF        2)    -54.8336840 (CSF        1)    -54.8336840 (CSF        3)

 SOLUTION FOUND WITH DIRECT METHOD

 STATE #    1  ENERGY =     -54.868531217

      CSF      COEF    OCCUPANCY (IGNORING CORE)
      ---      ----    --------- --------- -----
        2   -1.000000  11

 STATE #    2  ENERGY =     -54.868531216

      CSF      COEF    OCCUPANCY (IGNORING CORE)
      ---      ----    --------- --------- -----
        1    0.707107  20
        3   -0.707107  02

 STATE #    3  ENERGY =     -54.798836732

      CSF      COEF    OCCUPANCY (IGNORING CORE)
      ---      ----    --------- --------- -----
        1   -0.707107  20
        3   -0.707107  02

 RENORMALIZED DAVIDSON CORRECTION FOR     1-REFERENCE CI.
 C0SQ= 1.000000 EREF=      -54.868531 E-E(REF)=   0.000000 E(Q)=   0.000000
 GIVES A E(SD+Q) ESTIMATE OF      -54.8685312165
 ...... END OF CI-MATRIX DIAGONALIZATION ......

 CPU        TIME:   STEP =      0.00 ,  TOTAL =        0.0 SECONDS (    0.0 MIN)
 WALL CLOCK TIME:   STEP =      0.00 ,  TOTAL =        0.0 SECONDS (    0.0 MIN)
 CPU UTILIZATION:   STEP =      0.00%,  TOTAL =     154.20%

     -----------------------
     STORING CSF INFORMATION
     -----------------------

 READING DRT FILE
 TITLE=CIDRT1  16:58:56 17-SEP-2016                                                    
 NUMBER OF CONFIGURATIONS =          3

 READING CI VECTOR FILE
 DRT TITLE=CIDRT1  16:58:56 17-SEP-2016                                                    
     3 STATES WERE COMPUTED, NUMBER OF WALKS=         3

 STORING CSF AND CI COEF. INFORMATION FOR    3 STATES ON FILE  17.
     ENERGIES ARE ...
     -54.8685312    -54.8685312    -54.7988367
 ...... DONE STORING CSF INFORMATION ......

 CPU        TIME:   STEP =      0.00 ,  TOTAL =        0.0 SECONDS (    0.0 MIN)
 WALL CLOCK TIME:   STEP =      0.00 ,  TOTAL =        0.0 SECONDS (    0.0 MIN)
 CPU UTILIZATION:   STEP =      0.00%,  TOTAL =     153.14%


     --------------------
      2-ND CI CALCULATION
     --------------------

          -----------------------     ----------------------------
          GUGA DISTINCT ROW TABLE     WRITTEN BY B.R.BROOKS,P.SAXE
          -----------------------     ----------------------------

      GROUP=C4V          NPRT=       0
       FORS=       F   INTACT=       F
       FOCI=       F   MXNINT=   20000
       SOCI=       F   MXNEME=    7500
     IEXCIT=       2   NWORD =  180018

      -CORE-    -INTERNAL-  -EXTERNAL-
     NFZC=   3   NDOC=   0   NEXT=   0
     NMCC=   0   NAOS=   0   NFZV=   0
                 NBOS=   0
                 NALP=   2
                 NVAL=   0

 THE MAXIMUM ELECTRON EXCITATION WILL BE   2

 SYMMETRIES FOR THE   3 CORE,   2 ACTIVE,   0 EXTERNAL MO-S ARE
     CORE= A1    A1    A1  
   ACTIVE= E     E   
           ALP   ALP 

 MOLECULAR CHARGE          =    0
 NUMBER OF ALPHA ELECTRONS =    5
 NUMBER OF  BETA ELECTRONS =    3

 THE ELECTRONIC STATE IS  3-A2  
 THE ELECTRONIC STATE IS  3-B2  

 UNABLE TO MAKE AN UNAMBIGUOUS DETERMINATION OF THE 
 SPATIAL SYMMETRY IN THIS NONABELIAN GROUP.

 THE DISTINCT ROW TABLE HAS         3 ROWS.
 THE WAVEFUNCTION  CONTAINS         1 WALKS (CSF-S).

 TOTAL NUMBER OF INTEGRALS =          6
 NUMBER OF INTEGRALS/GROUP =          6
 NUMBER OF INTEGRAL GROUPS =          1
 MAXIMUM RECORD SIZES ARE      8225 FOR UNIT 11        22 FOR UNIT 12
                              15001 FOR UNIT 15     22501 FOR UNIT 16
 ...... END OF -DRT- GENERATION ...... 

 CPU        TIME:   STEP =      0.00 ,  TOTAL =        0.0 SECONDS (    0.0 MIN)
 WALL CLOCK TIME:   STEP =      0.00 ,  TOTAL =        0.0 SECONDS (    0.0 MIN)
 CPU UTILIZATION:   STEP =      0.00%,  TOTAL =     145.19%

 WARNING: THE POINT GROUPS IN DRTS ARE DIFFERENT.
          NUMBER OF IRREDUCIBLE REPRESENTATIONS =    4    1

          ------------------------
          GUGA-CI INTEGRAL SORTING
          ------------------------

     30022 WORDS NEEDED TO SORT              6 GUGA INTEGRALS IN MEMORY
   1000000 WORDS ARE AVAILABLE
 CHOOSING IN-MEMORY SORTING...
 IN CORE ALGORITHM SORTED              2 NON-ZERO 1E- INTEGRALS
 IN CORE ALGORITHM SORTED              4 NON-ZERO 2E- INTEGRALS
 ...... END OF INTEGRAL SORTING ......

 CPU        TIME:   STEP =      0.00 ,  TOTAL =        0.0 SECONDS (    0.0 MIN)
 WALL CLOCK TIME:   STEP =      0.00 ,  TOTAL =        0.0 SECONDS (    0.0 MIN)
 CPU UTILIZATION:   STEP =      0.00%,  TOTAL =     140.92%

 -------------------------     ---------------------------------------
 ENERGY MATRIX CALCULATION     WRITTEN BY B.R.BROOKS,W.D.LAIDIG,P.SAXE
 -------------------------     ---------------------------------------

 COMPUTING THE HAMILTONIAN FOR THE         1 CSF-S...

           3 IS THE TOTAL NUMBER OF GENERATED LOOPS
           3 WERE CREATED BY THE LOOP-DRIVEN ALGORITHM
           0 WERE CREATED IMPLICITLY

           3 IS THE TOTAL NUMBER OF PROCESSED LOOPS
           3     DIAGONAL LOOPS ARE STORED ON WORK15 IN       1 BUFFERS OF   7500 ELEMENTS.
           0 OFF DIAGONAL LOOPS ARE STORED ON WORK16 IN       1 BUFFERS OF   7500 ELEMENTS.
 ...... END OF ENERGY MATRIX CALCULATION ...... 

 CPU        TIME:   STEP =      0.00 ,  TOTAL =        0.0 SECONDS (    0.0 MIN)
 WALL CLOCK TIME:   STEP =      0.00 ,  TOTAL =        0.0 SECONDS (    0.0 MIN)
 CPU UTILIZATION:   STEP =      0.00%,  TOTAL =     139.31%

          -----------------------------------------
          DAVIDSON METHOD CI-MATRIX DIAGONALIZATION
            PROGRAM WRITTEN BY ALEX A. GRANOVSKY
          -----------------------------------------
 NUMBER OF STATES REQUESTED =     1
 MAX. NUMB. OF EXPAN. VEC   =    30
 MAX. NUMB. IMPROVED STATES =     1
 MAX. NUMB. OF ITERATIONS   =    50
 CONVERGENCE CRITERION      =    1.0E-05

 CHOOSING TO SOLVE SECULAR EQUATION IN MEMORY
 NUMBER OF WORDS AVAILABLE =    1000000
 NUMBER OF WORDS USED      =      19712
 ENERGY MATRIX BUFFER SIZE =       7500

     1 LOWEST DIAGONAL ELEMENTS OF HAMILTONIAN ARE
    -54.9382257 (CSF        1)

 SOLUTION FOUND WITH DIRECT METHOD

 STATE #    1  ENERGY =     -54.938225701

      CSF      COEF    OCCUPANCY (IGNORING CORE)
      ---      ----    --------- --------- -----
        1    1.000000  11
 ...... END OF CI-MATRIX DIAGONALIZATION ......

 CPU        TIME:   STEP =      0.00 ,  TOTAL =        0.0 SECONDS (    0.0 MIN)
 WALL CLOCK TIME:   STEP =      0.00 ,  TOTAL =        0.0 SECONDS (    0.0 MIN)
 CPU UTILIZATION:   STEP =      0.00%,  TOTAL =     136.61%

     -----------------------
     STORING CSF INFORMATION
     -----------------------

 READING DRT FILE
 TITLE=CIDRT2  16:58:56 17-SEP-2016                                                    
 NUMBER OF CONFIGURATIONS =          1

 READING CI VECTOR FILE
 DRT TITLE=CIDRT2  16:58:56 17-SEP-2016                                                    
     1 STATES WERE COMPUTED, NUMBER OF WALKS=         1

 STORING CSF AND CI COEF. INFORMATION FOR    1 STATES ON FILE  17.
     ENERGIES ARE ...
     -54.9382257
 ...... DONE STORING CSF INFORMATION ......

 CPU        TIME:   STEP =      0.00 ,  TOTAL =        0.0 SECONDS (    0.0 MIN)
 WALL CLOCK TIME:   STEP =      0.00 ,  TOTAL =        0.0 SECONDS (    0.0 MIN)
 CPU UTILIZATION:   STEP =      0.00%,  TOTAL =     135.95%

     REFERENCE STATE IS SET TO    1 IN THE DRT (i.e. CI) #  1 (  1001).


     -----------------------------------------
     NUMBERS OF STATES WHICH WILL BE INCLUDED 
     IN THE FOLLOWING SPIN-ORBIT CALCULATIONS:
     -----------------------------------------
     ENERGY TOLERANCE = 100.0000000000 HARTREE

     CI #  1, DRT GROUP NAME: CIDRT1 , NUMBER OR ROOTS TO INCLUDE:   3
     CI #  2, DRT GROUP NAME: CIDRT2 , NUMBER OR ROOTS TO INCLUDE:   1

     ----------------------------------------
     ONE ELECTRON SPIN-ORBIT ATOMIC INTEGRALS
     ----------------------------------------
     EFFECTIVE CHARGES :     7.000     1.000

 ...... DONE WITH SPIN-ORBIT INTEGRALS ......

 CPU        TIME:   STEP =      0.00 ,  TOTAL =        0.0 SECONDS (    0.0 MIN)
 WALL CLOCK TIME:   STEP =      0.00 ,  TOTAL =        0.0 SECONDS (    0.0 MIN)
 CPU UTILIZATION:   STEP =      0.00%,  TOTAL =     133.00%

     364917 WORDS OF MEMORY ARE REQUIRED

 STARTING COMPUTATIONS OF SPIN-ORBIT COUPLINGS...

 (Note: if computed, diagonal dipole moments <R> omit nuclear contribution)


 CI #  1, STATE #   1 : ENERGY =      -54.8685312165
 CI #  1, STATE #   2 : ENERGY =      -54.8685312165

 CI #  1, STATE #   1 : ENERGY =      -54.8685312165
 CI #  1, STATE #   3 : ENERGY =      -54.7988367323

 CI #  1, STATE #   2 : ENERGY =      -54.8685312165
 CI #  1, STATE #   3 : ENERGY =      -54.7988367323

 CPU        TIME:   STEP =      0.00 ,  TOTAL =        0.0 SECONDS (    0.0 MIN)
 WALL CLOCK TIME:   STEP =      0.00 ,  TOTAL =        0.0 SECONDS (    0.0 MIN)
 CPU UTILIZATION:   STEP =      0.00%,  TOTAL =     129.72%

 CI #  1, STATE #   1 : ENERGY =      -54.8685312165
 CI #  2, STATE #   1 : ENERGY =      -54.9382257007

 CI #  1, STATE #   2 : ENERGY =      -54.8685312165
 CI #  2, STATE #   1 : ENERGY =      -54.9382257007

 CI #  1, STATE #   3 : ENERGY =      -54.7988367323
 CI #  2, STATE #   1 : ENERGY =      -54.9382257007
 <(S=0.0,MS= 0.0)||(S=1.0,MS= 0.0)>
   <HSO> =      0.0000 +    114.3851*I  (cm-1)

 CPU        TIME:   STEP =      0.00 ,  TOTAL =        0.0 SECONDS (    0.0 MIN)
 WALL CLOCK TIME:   STEP =      0.00 ,  TOTAL =        0.0 SECONDS (    0.0 MIN)
 CPU UTILIZATION:   STEP =      0.00%,  TOTAL =     129.20%

 >>> DIMENSION OF HSO MATRIX =         6
     LARGEST NUMBER OF WALKS =         3


 ***** STARTING DIAGONALIZATION OF HSO MATRIX *****

 (Note: compressed labels of CI states below are: (CI #)*1000 + root #)


     782544 WORDS OF MEMORY ARE REQUIRED

 REFERENCE ENERGY IS SET TO       -54.8685312165 HARTREE

 ADIABATIC STATES (CM-1 UNITS):
             0.000          0.000      15296.432     -15296.432     -15296.432
        -15296.432

 COMPOSITION OF SPIN-MIXED STATES:

 STATE  1: RELATIVE E=     -15296.859 CM-1; WEIGHT = 1.000  2001
          1      2      3      4
         0.0000 0.0000 0.0000 1.0000

 STATE  2: RELATIVE E=     -15296.432 CM-1; WEIGHT = 1.000  2001
          1      2      3      4
         0.0000 0.0000 0.0000 1.0000

 STATE  3: RELATIVE E=     -15296.432 CM-1; WEIGHT = 1.000  2001
          1      2      3      4
         0.0000 0.0000 0.0000 1.0000

 STATE  4: RELATIVE E=          0.000 CM-1; WEIGHT = 1.000  1001
          1      2      3      4
         1.0000 0.0000 0.0000 0.0000

 STATE  5: RELATIVE E=          0.000 CM-1; WEIGHT = 1.000  1002
          1      2      3      4
         0.0000 1.0000 0.0000 0.0000

 STATE  6: RELATIVE E=      15296.859 CM-1; WEIGHT = 1.000  1003
          1      2      3      4
         0.0000 0.0000 1.0000 0.0000

 ENERGIES OF SPIN-MIXED STATES (CM-1 UNITS):
      1 (  2001)     2 (  2001)     3 (  2001)     4 (  1001)     5 (  1002)
      -15296.859     -15296.432     -15296.432          0.000          0.000
      6 (  1003)
       15296.859
 ...... END OF HSO DIAGONALIZATION ......

 CPU        TIME:   STEP =      0.00 ,  TOTAL =        0.0 SECONDS (    0.0 MIN)
 WALL CLOCK TIME:   STEP =      0.00 ,  TOTAL =        0.0 SECONDS (    0.0 MIN)
 CPU UTILIZATION:   STEP =      0.00%,  TOTAL =     125.64%

 ...... DONE WITH SPIN-ORBIT COUPLING ......

 CPU        TIME:   STEP =      0.02 ,  TOTAL =        0.1 SECONDS (    0.0 MIN)
 WALL CLOCK TIME:   STEP =      0.00 ,  TOTAL =        0.0 SECONDS (    0.0 MIN)
 CPU UTILIZATION:   STEP =   7991.60%,  TOTAL =     166.64%

                         I/O STATISTICS:
 DATA READ TOTAL =        2.126 MB,  DATA WRITTEN TOTAL =        1.306 MB

      782544 WORDS OF    DYNAMIC MEMORY USED
      620571 BYTES OF    HEAP MEMORY    USED,      247209 BYTES REMAIN IN USE
 EXECUTION OF FIREFLY TERMINATED NORMALLY 16:58:56 17-SEP-2016    
