                             Running on host I7

          ******************************************************
          *      Firefly version 8.2.0, build number 10203     *
          *   Compiled on    Friday,    16-09-2016, 21:20:07   *
          *Code development and Intel/AMD specific optimization*
          *  Copyright (c) 1994, 2016 by  Alex A. Granovsky,   *
          *          Firefly Project, Moscow, Russia.          *
          *   Some parts of this program include code due to   *
          * work of Jim Kress, Peter Burger, and Robert Ponec. *
          ******************************************************
          *             Firefly Project homepage:              *
          * http://classic.chem.msu.su/gran/firefly/index.html *
          *                      e-mail:                       *
          *               gran@classic.chem.msu.su             *
          *This program is not a free software and is provided *
          *exclusively to its registered users under the terms *
          *       of Firefly package license agreement         *
          * Unauthorized use of Firefly is strongly prohibited *
          *   This program may not be redistributed without    *
          * the specific, written permission of its developers.*
          ******************************************************

          ******************************************************
          *  PARTIALLY BASED ON  US GAMESS VERSION 6 JUN 1999, *
          *   US GAMESS VERSIONS  6 SEP 2001 AND 12 DEC 2003   *
          *             FROM IOWA STATE UNIVERSITY             *
          * M.W.SCHMIDT, K.K.BALDRIDGE, J.A.BOATZ, S.T.ELBERT, *
          *   M.S.GORDON, J.H.JENSEN, S.KOSEKI, N.MATSUNAGA,   *
          *          K.A.NGUYEN, S.J.SU, T.L.WINDUS,           *
          *       TOGETHER WITH M.DUPUIS, J.A.MONTGOMERY       *
          *         J.COMPUT.CHEM.  14, 1347-1363(1993)        *
          ******************************************************


 Core i7    / Win32  Firefly version running under Windows NT
 Running on Intel CPU:  Brand ID  0, Family  6, Model  26, Stepping  4
 CPU Brand String    :  Intel(R) Core(TM) i7 CPU         940  @ 2.93GHz 
 CPU Features        :  x87 FPU, CMOV, MMX, SSE, SSE2, SSE3, SSSE3, SSE4.1, SSE4.2, HTT, EM64T
 Data cache size     :  L1 32 KB, L2  256 KB, L3  8192 KB
 max    # of   cores/package :   8
 max    # of threads/package :  16
 max     cache sharing level :  16
 actual # of   cores/package :   4
 actual # of threads/package :   8
 actual # of threads/core    :   2
 Operating System successfully passed SSE support test.


 PARALLEL VERSION (UNIFIED) RUNNING IN SERIAL MODE USING SINGLE PROCESS

 EXECUTION OF FIREFLY BEGUN 16:58:54 17-SEP-2016    

            ECHO OF THE FIRST FEW INPUT CARDS -
 INPUT CARD>! EXAM 10.                                                                      
 INPUT CARD>!                                                                               
 INPUT CARD>! This run duplicates the first column of table 6 in                            
 INPUT CARD>! Y.Yamaguchi, M.Frisch, J.Gaw, H.F.Schaefer, and                               
 INPUT CARD>! J.S.Binkley   J.Chem. Phys. 1986, 84, 2262-2278.                              
 INPUT CARD>!                                                                               
 INPUT CARD>! FINAL energy at the VIB 0 geometry is -74.9659012159.                         
 INPUT CARD>!                                                                               
 INPUT CARD>! If run with METHOD=ANALYTIC,                                                  
 INPUT CARD>! the FREQuencies are 2170.05, 4140.00, and 4391.07                             
 INPUT CARD>! the INTENSities are 0.17129, 1.04807, and 0.70930                             
 INPUT CARD>! the mean POLARIZABILITY is 0.40079                                            
 INPUT CARD>!                                                                               
 INPUT CARD>! If run with METHOD=NUMERIC, NVIB=2,                                           
 INPUT CARD>! the FREQuencies are 2170.14, 4140.18, and 4391.12                             
 INPUT CARD>! the INTENSities are 0.17169, 1.04703, and 0.70909                             
 INPUT CARD>!                                                                               
 INPUT CARD> $CONTRL SCFTYP=RHF RUNTYP=HESSIAN UNITS=BOHR NZVAR=3 $END                      
 INPUT CARD> $SYSTEM TIMLIM=4 MEMORY=100000 $END                                            
 INPUT CARD> $BASIS  GBASIS=STO NGAUSS=3 $END                                               
 INPUT CARD> $GUESS  GUESS=HUCKEL   $END                                                    
 INPUT CARD> $CPHF   POLAR=.TRUE. $END                                                      
 INPUT CARD> $FORCE  METHOD=ANALYTIC $END                                                   
 INPUT CARD>! $FORCE  METHOD=NUMERIC NVIB=2 $END                                            
 INPUT CARD> $ZMAT   IZMAT(1)=1,1,2,   1,1,3,   2,2,1,3  $END                               
 INPUT CARD> $DATA                                                                          
 INPUT CARD>Water at the RHF/STO-3G equilibrium geometry                                    
 INPUT CARD>CNV      2                                                                      
 INPUT CARD>                                                                                
 INPUT CARD>OXYGEN       8.   0.0   0.0            0.0702816679                             
 INPUT CARD>HYDROGEN     1.   0.0   1.4325665478  -1.1312080153                             
 INPUT CARD> $END                                                                           
     400000 WORDS OF MEMORY AVAILABLE

 This job is executing on     1 unique host(s)
 Minimum number of processes per host is:    1
 Maximum number of processes per host is:    1

 On master's host, detected    8 CPU core(s) in aggregate

 Warning: HTT is enabled, bitmask of physically unique cores is 0x000000AA

 SMT aware parts of program will use              2 threads.

 Creating thread pool to serve up to            128 threads.

 Activating Call64 option.

 Using 64-bit DGEMM by default.

     BASIS OPTIONS
     -------------
     GBASIS=STO          IGAUSS=       3      POLAR=NONE    
     NDFUNC=       0     NFFUNC=       0     DIFFSP=       F
     NPFUNC=       0      DIFFS=       F


     RUN TITLE
     ---------
 Water at the RHF/STO-3G equilibrium geometry                                    

 THE POINT GROUP OF THE MOLECULE IS CNV     
 THE ORDER OF THE PRINCIPAL AXIS IS     2

 ATOM      ATOMIC                      COORDINATES (BOHR)
           CHARGE         X                   Y                   Z
 OXYGEN      8.0     0.0000000000        0.0000000000        0.0702816679
 HYDROGEN    1.0     0.0000000000       -1.4325665478       -1.1312080153
 HYDROGEN    1.0     0.0000000000        1.4325665478       -1.1312080153

          INTERNUCLEAR DISTANCES (ANGS.)
          ------------------------------

                    OXYGEN         HYDROGEN       HYDROGEN  

  1  OXYGEN          0.0000000      0.9894092 *    0.9894092 *  
  2  HYDROGEN        0.9894092 *    0.0000000      1.5161631 *  
  3  HYDROGEN        0.9894092 *    1.5161631 *    0.0000000    

  * ... LESS THAN  3.000


     ATOMIC BASIS SET
     ----------------
 THE CONTRACTED PRIMITIVE FUNCTIONS HAVE BEEN UNNORMALIZED
 THE CONTRACTED BASIS FUNCTIONS ARE NOW NORMALIZED TO UNITY

 SHELL TYPE PRIM    EXPONENT          CONTRACTION COEFFICIENTS

 OXYGEN    

   1   S    1     130.709321    4.251943 (  0.154329) 
   1   S    2      23.808866    4.112294 (  0.535328) 
   1   S    3       6.443608    1.281623 (  0.444635) 

   2   L    4       5.033151   -0.239413 ( -0.099967)     1.675450 (  0.155916) 
   2   L    5       1.169596    0.320234 (  0.399513)     1.053568 (  0.607684) 
   2   L    6       0.380389    0.241686 (  0.700115)     0.166903 (  0.391957) 

 HYDROGEN  

   4   S    7       3.425251    0.276934 (  0.154329) 
   4   S    8       0.623914    0.267839 (  0.535328) 
   4   S    9       0.168855    0.083474 (  0.444635) 

 TOTAL NUMBER OF SHELLS              =    4
 TOTAL NUMBER OF BASIS FUNCTIONS     =    7
 NUMBER OF ELECTRONS                 =   10
 CHARGE OF MOLECULE                  =    0
 STATE MULTIPLICITY                  =    1
 NUMBER OF OCCUPIED ORBITALS (ALPHA) =    5
 NUMBER OF OCCUPIED ORBITALS (BETA ) =    5
 TOTAL NUMBER OF ATOMS               =    3
 THE NUCLEAR REPULSION ENERGY IS        8.9064898741

     $CONTRL OPTIONS
     ---------------
     SCFTYP=RHF          RUNTYP=HESSIAN      EXETYP=RUN     
     MPLEVL=       0     LOCAL =NONE         UNITS =BOHR    
     MULT  =       1     ICHARG=       0     MAXIT =      30
     NPRINT=       7     IREST =       0     COORD =UNIQUE  
     ECP   =NONE         NORMF =       0     NORMP =       0
     ITOL  =      20     ICUT  =       9     NZVAR =       3
     NOSYM =       0     INTTYP=POPLE        GEOM  =INPUT   
     PLTORB=       F     MOLPLT=       F     RPAC  =       F
     AIMPAC=       0     FRIEND=             CITYP =NONE    
     DFTTYP=NONE    

     $SYSTEM OPTIONS
     ---------------
     KDIAG =       0     MEMORY=   400000     TIMLIM=      240.0 SEC.
     COREFL=       F     PTIME =        F     XDR   =       F
     BALTYP=LOOP         CBASE = 00401000     FBASE = 714610C0

          ----------------
          PROPERTIES INPUT
          ----------------

     MOMENTS            FIELD           POTENTIAL          DENSITY
 IEMOM =       1   IEFLD =       0   IEPOT =       0   IEDEN =       0
 WHERE =COMASS     WHERE =NUCLEI     WHERE =NUCLEI     WHERE =NUCLEI  
 OUTPUT=BOTH       OUTPUT=BOTH       OUTPUT=BOTH       OUTPUT=BOTH    
 IEMINT=       0   IEFINT=       0                     IEDINT=       0
                                                       MORB  =       0

          EXTRAPOLATION IN EFFECT

          ----------------------
          INTEGRAL INPUT OPTIONS
          ----------------------
 NOPK  =       1 NORDER=       0 SCHWRZ=       T

 ATTENTION! AO INTEGRALS WILL BE PACKED.
 THRESHOLD FOR PACKING PKTHR =  0.10000000D-01

     -------------------------------
     INTEGRAL TRANSFORMATION OPTIONS
     -------------------------------
     NWORD  =       0     CUTTRF = 1.0E-09
     MPTRAN =       0     DIRTRF =       F
     AOINTS =DUP          IREST  =       0

     ------------------------------------------
     THE POINT GROUP IS CNV, NAXIS= 2, ORDER= 4
     ------------------------------------------

     DIMENSIONS OF THE SYMMETRY SUBSPACES ARE
 A1  =   4      A2  =   0      B1  =   1      B2  =   2

 ..... DONE SETTING UP THE RUN .....

 CPU        TIME:   STEP =      0.02 ,  TOTAL =        0.0 SECONDS (    0.0 MIN)
 WALL CLOCK TIME:   STEP =      0.02 ,  TOTAL =        0.0 SECONDS (    0.0 MIN)
 CPU UTILIZATION:   STEP =     93.70%,  TOTAL =     187.38%

     ---------------------------------
     HESSIAN MATRIX CONTROL PARAMETERS
     ---------------------------------
     METHOD=ANALYTIC   NVIB  =       1   VIBSIZ= 0.01000
     RDHESS=       F   PURIFY=       F   PRTIFC=       F
     VIBANL=       T   DECOMP=       F   PROJCT=       F
     SCLFAC= 1.00000   PRTSCN=       F   NPRT  =       0
     PULCOR=       F   NPUN  =       0   REDOVB=       T
     THERMOCHEMISTRY WILL BE PRINTED FOR    1 TEMPERATURES:
      298.15000

   --- ENCODED Z MATRIX ---
 COORD    TYPE     I    J    K    L    M    N
     1       1     1    2
     2       1     1    3
     3       2     2    1    3

 THE DETERMINANT OF THE G MATRIX IS 10**(    -1)


                     --------------------
                     INTERNAL COORDINATES
                     --------------------

                          - - ATOMS - -              COORDINATE      COORDINATE
 NO.     TYPE      I    J    K    L    M    N        (BOHR,RAD)       (ANG,DEG)
 ------------------------------------------------------------------------------
     1 STRETCH     1    2                           1.8697124       0.9894092
     2 STRETCH     1    3                           1.8697124       0.9894092
     3 BEND        2    1    3                      1.7458016     100.0270607

     ------------------------------
     CPHF RESPONSE SOLUTION OPTIONS
     ------------------------------
     POLAR  =       T     NWORD  =       0
     MXCPIT =      50     CPTOL  =0.10E-04

          ********************
          1 ELECTRON INTEGRALS
          ********************
 ...... END OF ONE-ELECTRON INTEGRALS ......

 CPU        TIME:   STEP =      0.00 ,  TOTAL =        0.0 SECONDS (    0.0 MIN)
 WALL CLOCK TIME:   STEP =      0.00 ,  TOTAL =        0.0 SECONDS (    0.0 MIN)
 CPU UTILIZATION:   STEP =      0.00%,  TOTAL =     158.14%

          -------------
          GUESS OPTIONS
          -------------
          GUESS =HUCKEL            NORB  =       0          NORDER=       0
          MIX   =       F          PRTMO =       F          SYMDEN=       F
          TOLZ  = 0.0E+00          TOLE  = 0.0E+00

 INITIAL GUESS ORBITALS GENERATED BY HUCKEL   ROUTINE.
 HUCKEL GUESS REQUIRES      2471 WORDS.

 LOG10 OF CONDITION NUMBER OF OVERLAP MATRIX IS:  8.42665652E-01

 SYMMETRIES FOR INITIAL GUESS ORBITALS FOLLOW.   BOTH SET(S).
     5 ORBITALS ARE OCCUPIED (    1 CORE ORBITALS).
     2=A1       3=B2       4=A1       5=B1       6=B2       7=A1  
 ...... END OF INITIAL ORBITAL SELECTION ......

 CPU        TIME:   STEP =      0.02 ,  TOTAL =        0.0 SECONDS (    0.0 MIN)
 WALL CLOCK TIME:   STEP =      0.00 ,  TOTAL =        0.0 SECONDS (    0.0 MIN)
 CPU UTILIZATION:   STEP =   1260.88%,  TOTAL =     223.22%

          --------------------
          2 ELECTRON INTEGRALS
          --------------------

 THE -PK- OPTION IS OFF, THE INTEGRALS ARE NOT IN SUPERMATRIX FORM.
 STORING    4998 INTEGRALS/RECORD ON DISK, USING 12 BYTES/INTEGRAL.
 TWO ELECTRON INTEGRAL EVALUATION REQUIRES   34408 WORDS OF MEMORY.
 SCHWARZ INEQUALITY OVERHEAD:        28 INTEGRALS, CPU TIME=        0.00
 II,JST,KST,LST =  1  1  1  1 NREC =         1 INTLOC =    1
 II,JST,KST,LST =  2  1  1  1 NREC =         1 INTLOC =    2
 II,JST,KST,LST =  3  1  1  1 NREC =         1 INTLOC =   34
 II,JST,KST,LST =  4  1  1  1 NREC =         1 INTLOC =   34
 SCHWARZ INEQUALITY TEST SKIPPED         0 INTEGRAL BLOCKS.
 TOTAL NUMBER OF NONZERO TWO-ELECTRON INTEGRALS =                 141
          1 INTEGRAL RECORDS WERE STORED ON DISK FILE  8.
 ...... END OF TWO-ELECTRON INTEGRALS .....

 CPU        TIME:   STEP =      0.00 ,  TOTAL =        0.0 SECONDS (    0.0 MIN)
 WALL CLOCK TIME:   STEP =      0.00 ,  TOTAL =        0.0 SECONDS (    0.0 MIN)
 CPU UTILIZATION:   STEP =      0.00%,  TOTAL =     203.01%

          -------------------
          RHF SCF CALCULATION
          -------------------

     NUCLEAR ENERGY =         8.9064898741
     MAXIT =   30     NPUNCH=    2
     EXTRAP=T  DAMP=F  SHIFT=F  RSTRCT=F  DIIS=F  DEM=F  SOSCF=F
     DENSITY CONV=  1.00E-05
     MEMORY REQUIRED FOR RHF STEP=      7938 WORDS.

 ITER EX DEM  TOTAL ENERGY      E CHANGE  DENSITY CHANGE    DIIS ERROR
   1  0  0   -74.793615108   -74.793615108   0.595010040   0.000000000
   2  1  0   -74.951966183    -0.158351075   0.180249714   0.000000000
   3  2  0   -74.964455867    -0.012489684   0.057135873   0.000000000
   4  3  0   -74.965699176    -0.001243309   0.018960604   0.000000000
   5  0  0   -74.965866644    -0.000167468   0.010837158   0.000000000
   6  1  0   -74.965899578    -0.000032934   0.001110439   0.000000000
   7  2  0   -74.965900959    -0.000001381   0.000470165   0.000000000
   8  3  0   -74.965901169    -0.000000210   0.000208693   0.000000000
   9  4  0   -74.965901207    -0.000000038   0.000093699   0.000000000
  10  5  0   -74.965901214    -0.000000007   0.000041704   0.000000000
  11  6  0   -74.965901216    -0.000000001   0.000018538   0.000000000
  12  7  0   -74.965901216     0.000000000   0.000008228   0.000000000
  13  8  0   -74.965901216     0.000000000   0.000003650   0.000000000

          -----------------
          DENSITY CONVERGED
          -----------------
     TIME TO FORM FOCK OPERATORS =       0.00 SECONDS (       0.00 SEC/ITER)
     TIME TO SOLVE SCF EQUATIONS =       0.00 SECONDS (       0.00 SEC/ITER)

 FINAL ENERGY IS      -74.9659012159 AFTER  13 ITERATIONS

          ------------
          EIGENVECTORS
          ------------

                      1          2          3          4          5
                  -20.2516    -1.2575    -0.5939    -0.4597    -0.3926
                     A1         A1         B2         A1         B1  
    1  O   1  S  -0.994216  -0.233766   0.000000  -0.104036   0.000000
    2  O   1  S  -0.025847   0.844449   0.000000   0.538166   0.000000
    3  O   1  X   0.000000   0.000000   0.000000   0.000000   1.000000
    4  O   1  Y   0.000000   0.000000  -0.612695   0.000000   0.000000
    5  O   1  Z   0.004164  -0.122838   0.000000   0.755878   0.000000
    6  H   2  S   0.005584   0.155595   0.449222  -0.295101   0.000000
    7  H   3  S   0.005584   0.155595  -0.449222  -0.295101   0.000000

                      6          7
                    0.5818     0.6927
                     A1         B2  
    1  O   1  S  -0.125820   0.000000
    2  O   1  S   0.820146   0.000000
    3  O   1  X   0.000000   0.000000
    4  O   1  Y   0.000000  -0.959804
    5  O   1  Z  -0.763550   0.000000
    6  H   2  S  -0.769165  -0.814647
    7  H   3  S  -0.769165   0.814647
 ...... END OF RHF CALCULATION ......

 CPU        TIME:   STEP =      0.00 ,  TOTAL =        0.0 SECONDS (    0.0 MIN)
 WALL CLOCK TIME:   STEP =      0.00 ,  TOTAL =        0.0 SECONDS (    0.0 MIN)
 CPU UTILIZATION:   STEP =      0.00%,  TOTAL =     170.65%


                         ------------------------------
                         properties for the RHF density
                         ------------------------------

          -----------------
          ENERGY COMPONENTS
          -----------------

         WAVEFUNCTION NORMALIZATION =       1.0000000000

                ONE ELECTRON ENERGY =    -121.8341277899
                TWO ELECTRON ENERGY =      37.9617366998
           NUCLEAR REPULSION ENERGY =       8.9064898741
                                      ------------------
                       TOTAL ENERGY =     -74.9659012159

 ELECTRON-ELECTRON POTENTIAL ENERGY =      37.9617366998
  NUCLEUS-ELECTRON POTENTIAL ENERGY =    -196.3527364239
   NUCLEUS-NUCLEUS POTENTIAL ENERGY =       8.9064898741
                                      ------------------
             TOTAL POTENTIAL ENERGY =    -149.4845098500
               TOTAL KINETIC ENERGY =      74.5186086341
                 VIRIAL RATIO (V/T) =       2.0060024280

  ...... PI ENERGY ANALYSIS ......

 ENERGY ANALYSIS:
            FOCK ENERGY=     -45.9106535630
          BARE H ENERGY=    -121.8341277899
     ELECTRONIC ENERGY =     -83.8723906764
         KINETIC ENERGY=      74.5186086341
          N-N REPULSION=       8.9064898741
           TOTAL ENERGY=     -74.9659008023
        SIGMA PART(1+2)=     -76.0490472150
               (K,V1,2)=      69.4611461820    -176.4338204522      30.9236270552
           PI PART(1+2)=      -7.8233434615
               (K,V1,2)=       5.0574624520     -19.9189159717       7.0381100582
  SIGMA SKELETON, ERROR=     -67.1425573408       0.0000000000
             MIXED PART= 0.00000E+00 0.00000E+00 0.00000E+00 0.00000E+00
 ...... END OF PI ENERGY ANALYSIS ......

          ---------------------------------------
          MULLIKEN AND LOWDIN POPULATION ANALYSES
          ---------------------------------------

     MULLIKEN ATOMIC POPULATION IN EACH MOLECULAR ORBITAL

                      1          2          3          4          5

                  2.000000   2.000000   2.000000   2.000000   2.000000

    1             2.001239   1.628810   1.073058   1.627424   2.000000
    2            -0.000620   0.185595   0.463471   0.186288   0.000000
    3            -0.000620   0.185595   0.463471   0.186288   0.000000

               ----- POPULATIONS IN EACH AO -----
                             MULLIKEN      LOWDIN
              1  O   1  S     1.99784     1.99629
              2  O   1  S     1.84893     1.71139
              3  O   1  X     2.00000     2.00000
              4  O   1  Y     1.07306     1.10075
              5  O   1  Z     1.41071     1.42312
              6  H   2  S     0.83473     0.88422
              7  H   3  S     0.83473     0.88422

          ----- MULLIKEN ATOMIC OVERLAP POPULATIONS -----
          (OFF-DIAGONAL ELEMENTS NEED TO BE MULTIPLIED BY 2)

             1           2           3

    1    7.8227660
    2    0.2538822   0.6262529
    3    0.2538822  -0.0454003   0.6262529

          TOTAL MULLIKEN AND LOWDIN ATOMIC POPULATIONS
       ATOM         MULL.POP.    CHARGE          LOW.POP.     CHARGE
    1 OXYGEN        8.330530   -0.330530         8.231553   -0.231553
    2 HYDROGEN      0.834735    0.165265         0.884224    0.115776
    3 HYDROGEN      0.834735    0.165265         0.884224    0.115776

          -------------------------------
          BOND ORDER AND VALENCE ANALYSIS     BOND ORDER THRESHOLD=0.050
          -------------------------------

                   BOND                       BOND                       BOND
  ATOM PAIR DIST  ORDER      ATOM PAIR DIST  ORDER      ATOM PAIR DIST  ORDER
    1   2  0.989  0.964        1   3  0.989  0.964

                       TOTAL       BONDED        FREE
      ATOM            VALENCE     VALENCE     VALENCE
    1 OXYGEN            1.928       1.928       0.000
    2 HYDROGEN          0.973       0.973       0.000
    3 HYDROGEN          0.973       0.973       0.000

          ---------------------
          ELECTROSTATIC MOMENTS
          ---------------------

 POINT   1           X           Y           Z (BOHR)    CHARGE
                 0.000000    0.000000   -0.064183        0.00 (A.U.)
         DX          DY          DZ         /D/  (DEBYE)
     0.000000    0.000000   -1.709222    1.709222
 ...... END OF PROPERTY EVALUATION ......

 CPU        TIME:   STEP =      0.00 ,  TOTAL =        0.0 SECONDS (    0.0 MIN)
 WALL CLOCK TIME:   STEP =      0.00 ,  TOTAL =        0.0 SECONDS (    0.0 MIN)
 CPU UTILIZATION:   STEP =      0.00%,  TOTAL =     166.07%
 ......END OF NBO ANALYSIS......

 CPU        TIME:   STEP =      0.00 ,  TOTAL =        0.0 SECONDS (    0.0 MIN)
 WALL CLOCK TIME:   STEP =      0.00 ,  TOTAL =        0.0 SECONDS (    0.0 MIN)
 CPU UTILIZATION:   STEP =      0.00%,  TOTAL =     162.24%

          --------------------
          2 ELECTRON INTEGRALS
          --------------------

 THE -PK- OPTION IS OFF, THE INTEGRALS ARE NOT IN SUPERMATRIX FORM.
 STORING    4998 INTEGRALS/RECORD ON DISK, USING 12 BYTES/INTEGRAL.
 TWO ELECTRON INTEGRAL EVALUATION REQUIRES   34408 WORDS OF MEMORY.
 SCHWARZ INEQUALITY OVERHEAD:        28 INTEGRALS, CPU TIME=        0.00
 II,JST,KST,LST =  1  1  1  1 NREC =         1 INTLOC =    1
 II,JST,KST,LST =  2  1  1  1 NREC =         1 INTLOC =    2
 II,JST,KST,LST =  3  1  1  1 NREC =         1 INTLOC =   34
 II,JST,KST,LST =  4  1  1  1 NREC =         1 INTLOC =  109
 SCHWARZ INEQUALITY TEST SKIPPED         0 INTEGRAL BLOCKS.
 TOTAL NUMBER OF NONZERO TWO-ELECTRON INTEGRALS =                 228
          1 INTEGRAL RECORDS WERE STORED ON DISK FILE  8.
 ...... END OF TWO-ELECTRON INTEGRALS .....

 CPU        TIME:   STEP =      0.00 ,  TOTAL =        0.0 SECONDS (    0.0 MIN)
 WALL CLOCK TIME:   STEP =      0.00 ,  TOTAL =        0.0 SECONDS (    0.0 MIN)
 CPU UTILIZATION:   STEP =      0.00%,  TOTAL =     153.40%

     ---------------------------------------------
     1ST AND 2ND INTEGRAL DERIVATIVE CONTRIBUTIONS
     ---------------------------------------------
 ...... END OF 1-ELECTRON GRAD+HESS+FOCKDER ......

 CPU        TIME:   STEP =      0.00 ,  TOTAL =        0.0 SECONDS (    0.0 MIN)
 WALL CLOCK TIME:   STEP =      0.00 ,  TOTAL =        0.0 SECONDS (    0.0 MIN)
 CPU UTILIZATION:   STEP =      0.00%,  TOTAL =     145.96%

     ----------------------------------------------
     TWO ELECTRON INTEGRAL DERIVATIVE CONTRIBUTIONS
     ----------------------------------------------

      60515 WORDS REQUIRED,    400000 WORDS AVAILABLE
 THE COARSE/FINE SCHWARZ SCREENINGS SKIPPED          0/         0 BLOCKS.
 THE NUMBER OF DERIVATIVE INTEGRAL BLOCKS COMPUTED WAS        27
 ...... END OF 2-ELECTRON GRAD+HESS+FOCKDER ......

 CPU        TIME:   STEP =      0.02 ,  TOTAL =        0.1 SECONDS (    0.0 MIN)
 WALL CLOCK TIME:   STEP =      0.01 ,  TOTAL =        0.0 SECONDS (    0.0 MIN)
 CPU UTILIZATION:   STEP =    261.78%,  TOTAL =     164.11%

     -------------------------------------------
     COUPLED-PERTURBED CLOSED SHELL HARTREE-FOCK
     -------------------------------------------
 THE CPHF HAS      10 INDEPENDENT ORBITAL ROTATIONS.
           -FA- WILL USE       583 WORDS,
           -TA- WILL USE       945 WORDS,
          -FCK- WILL USE     11249 WORDS IN    1 PASSES,
 -WXY- AND -YA- WILL USE     11310 WORDS IN    1 PASSES
               THERE ARE    400000 WORDS AVAILABLE.
        TIME FOR -FA-   =        0.000
        TIME FOR -TA-   =        0.000
        TIME FOR -FCK-  =        0.000
 PRECONDITIONED CONJUGATE GRADIENT SOLVER     CONV. TOLERANCE=1.00E-05
             MAXIMUM          RESPONSES
 ITER    RESPONSE ERROR        IMPROVED
   1       4.97702E-01             9
   2       6.92841E-02             9
   3       1.01931E-02             7
   4       1.22497E-03             6
   5       2.65792E-04             6
   6       3.58107E-05             2
   7       3.02370E-07             2
 THE CPHF HAS CONVERGED AFTER  7 ITERATIONS.
 IT REQUIRED    41 FOCK-LIKE BUILDS TO FIND THE   9 SYMMETRY UNIQUE RESPONSES.
        TIME FOR -YA-   =        0.000
 ...... DONE WITH CPHF CONTRIBUTIONS ......

 CPU        TIME:   STEP =      0.00 ,  TOTAL =        0.1 SECONDS (    0.0 MIN)
 WALL CLOCK TIME:   STEP =      0.00 ,  TOTAL =        0.0 SECONDS (    0.0 MIN)
 CPU UTILIZATION:   STEP =      0.00%,  TOTAL =     153.58%

          ---------------
          ENERGY GRADIENT
          ---------------

      ATOM                 E'X               E'Y               E'Z 
    1 OXYGEN           0.000000000       0.000000000       0.000000021
    2 HYDROGEN         0.000000000      -0.000000253      -0.000000010
    3 HYDROGEN         0.000000000       0.000000253      -0.000000010

          -------------------------------
          CARTESIAN FORCE CONSTANT MATRIX
          -------------------------------

                                   1                          2
                               OXYGEN                     HYDROGEN  
                          X        Y        Z        X        Y        Z
  1   OXYGEN       X-0.000001 0.000000 0.000000 0.000001 0.000000 0.000000
                   Y 0.000000 0.803953 0.000000 0.000000-0.401977-0.337137
                   Z 0.000000 0.000000 0.634898 0.000000-0.216312-0.317449
  2   HYDROGEN     X 0.000001 0.000000 0.000000 0.000000 0.000000 0.000000
                   Y 0.000000-0.401977-0.216312 0.000000 0.438912 0.276724
                   Z 0.000000-0.337137-0.317449 0.000000 0.276724 0.300103
  3   HYDROGEN     X 0.000001 0.000000 0.000000-0.000001 0.000000 0.000000
                   Y 0.000000-0.401977 0.216312 0.000000-0.036936 0.060412
                   Z 0.000000 0.337137-0.317449 0.000000-0.060412 0.017347

                                   3
                               HYDROGEN  
                          X        Y        Z
  3   HYDROGEN     X 0.000000 0.000000 0.000000
                   Y 0.000000 0.438912-0.276724
                   Z 0.000000-0.276724 0.300103

          ------------------------------------------
          ALPHA POLARIZABILITY TENSOR (ANGSTROMS**3)
          ------------------------------------------

                       X              Y              Z
          X         0.00594
          Y         0.00000        0.81621
          Z         0.00000        0.00000        0.38023

          MEAN ALPHA POLARIZABILITY =         0.40079

          ------------------------          ----------------
          DIPOLE DERIVATIVE TENSOR          (DEBYE/ANGSTROM)
          ------------------------          ----------------

        ATOM                 MU-X           MU-Y           MU-Z
     OXYGEN     D/DX    -2.688299612    0.000000000    0.000000000
                D/DY     0.000000000   -0.149612848    0.000000000
                D/DZ     0.000000000    0.000000000    0.401214014
     HYDROGEN   D/DX     1.344149806    0.000000000    0.000000000
                D/DY     0.000000000    0.074806439   -0.754409147
                D/DZ     0.000000000   -1.064583975   -0.200607078
     HYDROGEN   D/DX     1.344149806    0.000000000    0.000000000
                D/DY     0.000000000    0.074806439    0.754409147
                D/DZ     0.000000000    1.064583975   -0.200607078

          --------------------------------------------------------
          NORMAL COORDINATE ANALYSIS IN THE HARMONIC APPROXIMATION
          --------------------------------------------------------

          ATOMIC WEIGHTS (AMU)

    1     OXYGEN           15.99491
    2     HYDROGEN          1.00782
    3     HYDROGEN          1.00782

 MODES 1 TO 6 ARE TAKEN AS ROTATIONS AND TRANSLATIONS.

     FREQUENCIES IN CM**-1, IR INTENSITIES IN DEBYE**2/AMU-ANGSTROM**2

                          1           2           3           4           5
       FREQUENCY:         3.97        0.03        0.03        0.03        2.52  
    REDUCED MASS:      1.12588     6.00295     6.00352     6.00385     1.05018
    IR INTENSITY:      4.03725     0.00000     0.00000     0.00000     1.55229

  1   OXYGEN       X  0.08364386 -0.00000043 -0.00000032  0.23563445  0.00000000
                   Y  0.00000000  0.23563090  0.00001849  0.00000043 -0.05187835
                   Z  0.00000000 -0.00001849  0.23563315  0.00000032  0.00000000
  2   HYDROGEN     X -0.66377688 -0.00000043 -0.00000032  0.23562285  0.00000000
                   Y  0.00000000  0.23565105  0.00001849  0.00000043  0.41158188
                   Z  0.00000000 -0.00004252  0.23563315  0.00000032 -0.55259506
  3   HYDROGEN     X -0.66377688 -0.00000043 -0.00000032  0.23562285  0.00000000
                   Y  0.00000000  0.23565105  0.00001849  0.00000043  0.41158188
                   Z  0.00000000  0.00000553  0.23563315  0.00000032  0.55259506

 TRANS. SAYVETZ    X -0.00006584 -0.00000769 -0.00000573  4.24388501  0.00000000
                   Y  0.00000000  4.24388500  0.00033304  0.00000769 -0.00018451
                   Z  0.00000000 -0.00033304  4.24388500  0.00000572  0.00000000
               TOTAL  0.00006584  4.24388501  4.24388501  4.24388501  0.00018451

   ROT. SAYVETZ    X  0.00000000  0.00011271  0.00000001  0.00000000  2.59243406
                   Y  1.60751450  0.00000000  0.00000000  0.00002494  0.00000000
                   Z  0.00000000  0.00000000  0.00000000  0.00000000  0.00000000
               TOTAL  1.60751450  0.00011271  0.00000001  0.00002494  2.59243406

                          6           7           8           9
       FREQUENCY:         3.54     2170.05     4140.00     4391.07  
    REDUCED MASS:      1.00783     1.07849     1.04909     1.07736
    IR INTENSITY:      0.00000     0.17129     1.04807     0.70930

  1   OXYGEN       X  0.00000000  0.00000000  0.00000000  0.00000000
                   Y  0.00000000  0.00000000  0.00000000  0.06562474
                   Z  0.00000000 -0.06612196 -0.05123274  0.00000000
  2   HYDROGEN     X -0.70435636  0.00000000  0.00000000  0.00000000
                   Y  0.00000000 -0.43140682  0.55678185 -0.52075601
                   Z  0.00000000  0.52470157  0.40655031 -0.43675689
  3   HYDROGEN     X  0.70435636  0.00000000  0.00000000  0.00000000
                   Y  0.00000000  0.43140682 -0.55678185 -0.52075601
                   Z  0.00000000  0.52470157  0.40655031  0.43675689

 TRANS. SAYVETZ    X  0.00000000  0.00000000  0.00000000  0.00000000
                   Y  0.00000000  0.00000000  0.00000000  0.00000000
                   Z  0.00000000 -0.00000001  0.00000000  0.00000000
               TOTAL  0.00000000  0.00000001  0.00000000  0.00000000

   ROT. SAYVETZ    X  0.00000000  0.00000000  0.00000000  0.00000068
                   Y  0.00000000  0.00000000  0.00000000  0.00000000
                   Z -2.03386614  0.00000000  0.00000000  0.00000000
               TOTAL  2.03386614  0.00000000  0.00000000  0.00000068

 REFERENCE ON SAYVETZ CONDITIONS - A. SAYVETZ, J.CHEM.PHYS., 7, 383-389(1939).

 NOTE - THE MODES J,K ARE ORTHONORMALIZED ACCORDING TO
 SUM ON I   M(I) * (X(I,J)*X(I,K) + Y(I,J)*Y(I,K) + Z(I,J)*Z(I,K)) = DELTA(J,K)

     -------------------------------
     THERMOCHEMISTRY AT T=  298.15 K
     -------------------------------

 USING IDEAL GAS, RIGID ROTOR, HARMONIC NORMAL MODE APPROXIMATIONS.
 P=  1.01325E+05 PASCAL.
 ALL FREQUENCIES ARE SCALED BY   1.00000
 THE MOMENTS OF INERTIA ARE (IN AMU*BOHR**2)
         2.58410        4.13661        6.72071
 THE ROTATIONAL SYMMETRY NUMBER IS  2.0
 THE ROTATIONAL CONSTANTS ARE (IN GHZ)
    697.76189   435.88539   268.28822
 THE HARMONIC ZERO POINT ENERGY IS (SCALED BY   1.000)
        0.024379 HARTREE/MOLECULE     5350.557823 CM**-1/MOLECULE 
       15.298028 KCAL/MOL               64.006948 KJ/MOL

               Q               LN Q
 ELEC.     1.00000E+00       0.000000
 TRANS.    3.00431E+06      14.915558
 ROT.      4.79729E+01       3.870637
 VIB.      1.00003E+00       0.000028
 TOT.      1.44130E+08      18.786223

              E         H         G         CV        CP        S
           KJ/MOL    KJ/MOL    KJ/MOL   J/MOL-K   J/MOL-K   J/MOL-K
 ELEC.      0.000     0.000     0.000     0.000     0.000     0.000
 TRANS.     3.718     6.197   -36.975    12.472    20.786   144.800
 ROT.       3.718     3.718    -9.595    12.472    12.472    44.654
 VIB.      64.008    64.008    64.007     0.026     0.026     0.003
 TOTAL     71.445    73.923    17.437    24.969    33.283   189.456

              E         H         G         CV        CP        S
         KCAL/MOL  KCAL/MOL  KCAL/MOL CAL/MOL-K CAL/MOL-K CAL/MOL-K
 ELEC.      0.000     0.000     0.000     0.000     0.000     0.000
 TRANS.     0.889     1.481    -8.837     2.981     4.968    34.608
 ROT.       0.889     0.889    -2.293     2.981     2.981    10.672
 VIB.      15.298    15.298    15.298     0.006     0.006     0.001
 TOTAL     17.076    17.668     4.168     5.968     7.955    45.281
 ......END OF NORMAL COORDINATE ANALYSIS......

 CPU        TIME:   STEP =      0.00 ,  TOTAL =        0.1 SECONDS (    0.0 MIN)
 WALL CLOCK TIME:   STEP =      0.00 ,  TOTAL =        0.0 SECONDS (    0.0 MIN)
 CPU UTILIZATION:   STEP =      0.00%,  TOTAL =     151.04%

                         I/O STATISTICS:
 DATA READ TOTAL =        0.235 MB,  DATA WRITTEN TOTAL =        0.595 MB

      396849 WORDS OF    DYNAMIC MEMORY USED
      130048 BYTES OF    HEAP MEMORY    USED,       97591 BYTES REMAIN IN USE
 EXECUTION OF FIREFLY TERMINATED NORMALLY 16:58:55 17-SEP-2016    
